155
414
1
1
1
1
1
1
1
1
1
1
1
1
1
1
1
1
1
1
1
1
1
1
1
1
1
1
1
1
1
1
1
1
1
1
1
1
1
1
1
1
1
1
1
1
1
1
1
1
1
1
1
1
1
1
1
1
1
1
1
1
1
1
1
1
1
1
1
1
1
1
1
1
1
1
1
1
1
1
1
1
1
1
1
1
1
1
1
1
1
1
1
1
1
1
1
1
1
1
1
1
1
1
1
1
1
1
1
1
1
1
1
1
1
1
1
1
1
1
1
1
1
1
1
1
1
1
1
1
1
1
1
1
1
1
1
1
1
1
1
1
1
1
1
1
1
1
1
1
1
1
1
1
1
1
1
3 0 122 (2112.000000 -2108.000000 71.000000) (2112.000000 -2280.042678 71.000000) (2112.000000 -2226.596236 76.929812) 
4 0 121 (2112.000000 -1997.166667 71.000000) (2112.000000 -2108.000000 71.000000) (2112.000000 -2226.596236 76.929812) (2112.000000 -2086.594894 92.462775) 
4 0 120 (2112.000000 -2280.042678 71.000000) (2112.000000 -2453.402276 71.000000) (2112.000000 -2237.791878 128.750051) (2112.000000 -2086.594894 92.462775) 
5 0 119 (2112.000000 -2027.782124 185.000000) (2112.000000 -1952.000000 185.000000) (2112.000000 -1952.000000 71.000000) (2112.000000 -1997.166667 71.000000) (2112.000000 -2237.791878 128.750051) 
5 0 106 (2112.000000 -2544.000000 71.000000) (2112.000000 -2544.000000 185.000000) (2112.000000 -2540.741093 185.000000) (2112.000000 -2432.374733 76.632111) (2112.000000 -2453.402276 71.000000) 
3 0 101 (2112.000000 -2280.075865 185.000000) (2112.000000 -2027.782124 185.000000) (2112.000000 -2101.685640 165.205353) 
4 0 102 (2112.000000 -2540.741093 185.000000) (2112.000000 -2280.075865 185.000000) (2112.000000 -2101.685640 165.205353) (2112.000000 -2432.374733 76.632111) 
5 0 52 (2112.000000 -1952.000000 185.000000) (2112.000000 -1949.585846 184.000017) (2112.000000 -1913.372730 127.999025) (2112.000000 -1949.585727 72.000045) (2112.000000 -1952.000000 71.000000) 
4 0 12 (2112.000000 -2544.000000 166.254882) (2112.000000 -2544.000000 128.000000) (2128.000000 -2544.000000 128.000000) (2118.471195 -2544.000000 163.574207) 
4 0 6 (2112.000000 -2544.000000 185.000000) (2112.000000 -2544.000000 166.254882) (2118.471195 -2544.000000 163.574207) (2113.000000 -2544.000000 184.000000) 
4 0 5 (2112.000000 -2544.000000 128.000000) (2112.000000 -2544.000000 71.000000) (2113.000000 -2544.000000 72.000000) (2128.000000 -2544.000000 128.000000) 
3 1 98 (2112.000000 -2579.849758 53.894236) (2112.000000 -2579.170464 56.430267) (2112.000000 -2576.000656 57.743393) 
3 1 11 (2122.080711 -2565.920295 72.000000) (2125.841062 -2575.000305 71.998862) (2144.004419 -2569.527886 92.429226) 
4 1 12 (2122.080711 -2565.920295 72.000000) (2112.000000 -2576.000656 57.743393) (2112.000000 -2579.170464 56.430267) (2125.841062 -2575.000305 71.998862) 
4 1 2 (2125.842074 -2575.000000 72.000000) (2112.000000 -2579.170464 56.430267) (2112.000000 -2579.849758 53.894236) (2144.000000 -2574.999784 72.000805) 
3 1 3 (2144.004419 -2569.527886 92.429226) (2125.842074 -2575.000000 72.000000) (2144.000000 -2574.999784 72.000805) 
5 2 98 (2112.000000 -2598.631791 48.368209) (2112.000000 -2579.170464 56.430267) (2112.000000 -2579.849758 53.894236) (2112.000000 -2602.744026 30.999640) (2112.000000 -2620.849925 26.150075) 
3 2 15 (2125.842074 -2575.000000 72.000000) (2112.000000 -2579.170464 56.430267) (2112.000000 -2598.631791 48.368209) 
5 2 3 (2125.842074 -2575.000000 72.000000) (2112.000000 -2598.631791 48.368209) (2112.000000 -2620.849925 26.150075) (2144.000000 -2616.000970 30.999030) (2143.998578 -2575.000000 72.000000) 
4 3 98 (2112.000000 -2630.326194 23.611909) (2112.000000 -2638.547143 31.832857) (2112.000000 -2598.631791 48.368209) (2112.000000 -2620.849925 26.150075) 
3 3 23 (2112.000000 -2633.126761 26.412475) (2112.000000 -2630.326194 23.611909) (2144.005543 -2623.510072 28.988374) 
4 3 22 (2399.671875 -2723.366197 226.241197) (2384.250000 -2728.000000 225.000000) (2336.946275 -2737.010233 215.989767) (2305.775456 -2723.366197 190.471133) 
5 3 21 (2591.765625 -2661.000000 237.053571) (2570.625000 -2672.000000 240.000000) (2399.671875 -2723.366197 226.241197) (2305.775456 -2723.366197 190.471133) (2163.295227 -2661.000000 73.826753) 
6 3 19 (2149.641218 -2622.309859 29.935085) (2266.243440 -2597.477440 49.522560) (2341.993902 -2583.048780 63.951220) (2678.250000 -2583.048780 192.048780) (2678.250000 -2616.000000 225.000000) (2666.123239 -2622.309859 226.690141) 
7 3 17 (2112.000000 -2638.547143 31.832857) (2112.000000 -2633.126761 26.412475) (2144.005543 -2623.510072 28.988374) (2149.641218 -2622.309859 29.935085) (2666.123239 -2622.309859 226.690141) (2591.765625 -2661.000000 237.053571) (2163.295227 -2661.000000 73.826753) 
5 3 16 (2341.993902 -2583.048780 63.951220) (2384.250000 -2575.000000 72.000000) (2570.625000 -2560.000000 128.000000) (2678.250000 -2575.000000 184.000000) (2678.250000 -2583.048780 192.048780) 
5 3 14 (2175.628167 -2560.000000 128.000000) (2162.737632 -2563.883776 113.500570) (2257.421260 -2622.064935 184.082044) (2219.807031 -2584.451941 162.049391) (2182.652539 -2561.693602 134.322779) 
8 3 15 (2162.737632 -2563.883776 113.500570) (2125.842074 -2575.000000 72.000000) (2112.000000 -2598.631791 48.368209) (2112.000000 -2638.547143 31.832857) (2336.946275 -2737.010233 215.989767) (2342.223925 -2728.000000 225.000000) (2338.598976 -2703.239987 231.632146) (2257.421260 -2622.064935 184.082044) 
3 3 9 (2219.807031 -2584.451941 162.049391) (2201.621605 -2566.267113 151.397221) (2182.652539 -2561.693602 134.322779) 
5 3 7 (2338.598976 -2703.239987 231.632146) (2334.025339 -2672.000000 240.000000) (2295.826753 -2616.000000 225.000000) (2237.842074 -2575.000000 184.000000) (2201.621605 -2566.267113 151.397221) 
3 3 4 (2266.243440 -2597.477440 49.522560) (2144.005543 -2623.510072 28.988374) (2144.006402 -2616.000000 31.000000) 
4 4 19 (2169.000000 -2616.000000 31.000000) (2266.243440 -2597.477440 49.522560) (2149.641218 -2622.309859 29.935085) (2148.000000 -2622.309859 29.309859) 
3 4 17 (2149.641218 -2622.309859 29.935085) (2144.005543 -2623.510072 28.988374) (2148.000000 -2622.309859 29.309859) 
3 5 106 (2112.000000 -2544.000000 128.000000) (2112.000000 -2544.000000 71.000000) (2112.000000 -2559.140625 71.000000) 
3 5 99 (2112.000000 -2544.000000 71.000000) (2112.000000 -2561.012663 63.952326) (2112.000000 -2559.140625 71.000000) 
4 5 12 (2112.000000 -2561.012663 63.952326) (2119.161638 -2558.875145 71.999454) (2128.000000 -2544.000000 128.000000) (2112.000000 -2544.000000 128.000000) 
3 6 105 (2112.000000 -2544.000000 185.000000) (2112.000000 -2562.744492 185.000000) (2112.000000 -2575.999188 198.255138) 
3 6 106 (2112.000000 -2544.000000 185.000000) (2112.000000 -2544.000000 166.254882) (2112.000000 -2562.744492 185.000000) 
4 6 13 (2112.000000 -2561.738415 183.993889) (2112.000000 -2548.537669 170.792703) (2119.326401 -2549.178849 168.398962) (2122.089389 -2565.910611 183.986722) 
3 6 15 (2112.000000 -2575.999188 198.255138) (2112.000000 -2561.738415 183.993889) (2122.089389 -2565.910611 183.986722) 
4 6 12 (2112.000000 -2548.537669 170.792703) (2112.000000 -2544.000000 166.254882) (2118.471195 -2544.000000 163.574207) (2119.326401 -2549.178849 168.398962) 
4 7 14 (2144.000000 -2575.000000 184.000000) (2182.801899 -2569.119348 162.045566) (2219.807031 -2584.451941 162.049391) (2257.421260 -2622.064935 184.082044) 
5 7 15 (2338.598976 -2703.239987 231.632146) (2242.982486 -2672.000000 240.000000) (2144.003304 -2616.000000 225.000000) (2144.000000 -2575.000000 184.000000) (2257.421260 -2622.064935 184.082044) 
3 7 9 (2182.801899 -2569.119348 162.045566) (2201.621605 -2566.267113 151.397221) (2219.807031 -2584.451941 162.049391) 
3 8 104 (2112.000000 -2598.023633 220.280318) (2112.000000 -2597.893314 220.149995) (2112.000000 -2598.631791 220.347801) 
5 8 103 (2112.000000 -2665.372823 238.224863) (2112.000000 -2658.746856 239.999592) (2112.000000 -2602.742971 224.999814) (2112.000000 -2598.023633 220.280318) (2112.000000 -2598.631791 220.347801) 
4 8 15 (2112.000000 -2597.893314 220.149995) (2144.000000 -2615.998131 224.999499) (2144.000000 -2672.000000 240.000000) (2112.000000 -2665.372823 238.224863) 
3 9 14 (2182.652539 -2561.693602 134.322779) (2219.807031 -2584.451941 162.049391) (2182.801899 -2569.119348 162.045566) 
3 10 15 (2130.749494 -2557.253548 138.253419) (2144.006764 -2566.624781 103.267483) (2144.012113 -2560.002511 127.990627) 
3 10 11 (2132.690000 -2555.310000 128.000000) (2144.006764 -2566.624781 103.267483) (2134.629816 -2559.996451 128.013249) 
3 10 12 (2132.690000 -2555.310000 128.000000) (2134.629816 -2559.996451 128.013249) (2130.749494 -2557.253548 138.253419) 
4 11 15 (2125.841062 -2575.000305 71.998862) (2144.004419 -2569.527886 92.429226) (2144.006764 -2566.624781 103.267483) (2134.629816 -2559.996451 128.013249) 
4 11 12 (2125.841062 -2575.000305 71.998862) (2134.629816 -2559.996451 128.013249) (2132.685715 -2555.305716 128.009364) (2122.079848 -2565.920153 71.999195) 
5 12 106 (2112.000000 -2544.000000 166.254882) (2112.000000 -2544.000000 128.000000) (2112.000000 -2559.140625 71.000000) (2112.000000 -2575.267857 71.000000) (2112.000000 -2548.537669 170.792703) 
4 12 99 (2112.000000 -2559.140625 71.000000) (2112.000000 -2561.012663 63.952326) (2112.000000 -2579.170464 56.430267) (2112.000000 -2575.267857 71.000000) 
4 12 13 (2130.749494 -2557.253548 138.253419) (2119.326401 -2549.178849 168.398962) (2112.000000 -2548.537669 170.792703) (2112.000000 -2553.367314 152.762028) 
5 12 15 (2112.000000 -2579.170464 56.430267) (2125.841062 -2575.000305 71.998862) (2134.629816 -2559.996451 128.013249) (2130.749494 -2557.253548 138.253419) (2112.000000 -2553.367314 152.762028) 
3 13 106 (2112.000000 -2561.738415 183.993889) (2112.000000 -2548.537669 170.792703) (2112.000000 -2553.367314 152.762028) 
4 13 15 (2112.000000 -2553.367314 152.762028) (2130.749494 -2557.253548 138.253419) (2122.091744 -2565.924872 184.000007) (2112.000000 -2561.738415 183.993889) 
4 14 15 (2144.000000 -2560.000000 128.000000) (2162.737632 -2563.883776 113.500570) (2257.421260 -2622.064935 184.082044) (2143.976540 -2575.003555 184.013274) 
4 15 104 (2112.000000 -2640.566169 225.000950) (2112.000000 -2598.631791 220.347801) (2112.000000 -2597.893314 220.149995) (2112.000000 -2575.999188 198.255138) 
6 15 105 (2112.000000 -2754.743360 185.000000) (2112.000000 -2714.745253 225.000731) (2112.000000 -2693.015659 230.820883) (2112.000000 -2640.566169 225.000950) (2112.000000 -2575.999188 198.255138) (2112.000000 -2562.744492 185.000000) 
8 15 106 (2112.000000 -2677.714286 71.000000) (2112.000000 -2763.135058 156.420772) (2112.000000 -2755.746230 183.997064) (2112.000000 -2754.743360 185.000000) (2112.000000 -2562.744492 185.000000) (2112.000000 -2561.738415 183.993889) (2112.000000 -2553.367314 152.762028) (2112.000000 -2575.267857 71.000000) 
3 15 103 (2112.000000 -2693.015659 230.820883) (2112.000000 -2665.372823 238.224863) (2112.000000 -2598.631791 220.347801) 
4 15 99 (2112.000000 -2579.170464 56.430267) (2112.000000 -2638.547143 31.832857) (2112.000000 -2677.714286 71.000000) (2112.000000 -2575.267857 71.000000) 
6 15 22 (2112.000000 -2763.135058 156.420772) (2112.000000 -2723.366197 116.651911) (2305.775456 -2723.366197 190.471133) (2336.946275 -2737.010233 215.989767) (2169.000000 -2769.000000 184.000000) (2143.998473 -2771.012195 176.487804) 
4 15 21 (2112.000000 -2723.366197 116.651911) (2112.000000 -2661.000000 54.285714) (2163.295227 -2661.000000 73.826753) (2305.775456 -2723.366197 190.471133) 
3 15 17 (2112.000000 -2661.000000 54.285714) (2112.000000 -2638.547143 31.832857) (2163.295227 -2661.000000 73.826753) 
4 16 19 (2341.993902 -2583.048780 63.951220) (2442.000000 -2575.000000 72.000000) (2736.000000 -2575.000000 184.000000) (2678.250000 -2583.048780 192.048780) 
3 16 20 (2442.000000 -2575.000000 72.000000) (2736.000000 -2560.000000 128.000000) (2736.000000 -2575.000000 184.000000) 
4 17 108 (2112.000000 -2649.685538 21.977088) (2112.000000 -2665.372179 17.775309) (2112.000000 -2690.720815 24.564899) (2112.000000 -2671.498947 43.786767) 
4 17 98 (2112.000000 -2638.547143 31.832857) (2112.000000 -2633.126761 26.412475) (2112.000000 -2649.685538 21.977088) (2112.000000 -2653.392215 25.683131) 
4 17 99 (2112.000000 -2661.000000 54.285714) (2112.000000 -2638.547143 31.832857) (2112.000000 -2653.392215 25.683131) (2112.000000 -2671.498947 43.786767) 
4 17 23 (2112.000000 -2633.126761 26.412475) (2144.005543 -2623.510072 28.988374) (2144.004454 -2672.000000 16.000000) (2112.000000 -2665.372179 17.775309) 
7 17 21 (2591.765625 -2661.000000 237.053571) (2112.000000 -2661.000000 54.285714) (2112.000000 -2690.720815 24.564899) (2144.001977 -2703.136744 24.340199) (2226.750000 -2728.000000 31.000000) (2736.000000 -2728.000000 225.000000) (2628.375000 -2672.000000 240.000000) 
4 17 19 (2148.000000 -2639.661972 24.661972) (2148.000000 -2622.309859 29.309859) (2666.123239 -2622.309859 226.690141) (2690.524648 -2639.661972 231.338028) 
6 17 20 (2226.750000 -2728.000000 31.000000) (2148.000000 -2672.000000 16.000000) (2148.000000 -2639.661972 24.661972) (2690.524648 -2639.661972 231.338028) (2736.000000 -2672.000000 240.000000) (2736.000000 -2728.000000 225.000000) 
8 18 20 (2951.203125 -2769.000000 265.982143) (2814.750000 -2728.000000 255.000000) (2736.000000 -2672.000000 240.000000) (2736.000000 -2616.000000 225.000000) (2814.796875 -2575.000000 214.017857) (2951.250000 -2560.000000 210.000000) (3072.000000 -2571.496578 213.079441) (3072.000000 -2780.501041 269.062779) 
6 19 20 (2442.000000 -2575.000000 72.000000) (2736.000000 -2575.000000 184.000000) (2736.000000 -2616.000000 225.000000) (2690.524648 -2639.661972 231.338028) (2148.000000 -2639.661972 24.661972) (2226.750000 -2616.000000 31.000000) 
3 20 22 (2442.000000 -2769.000000 72.000000) (2736.000000 -2784.000000 128.000000) (2736.000000 -2769.000000 184.000000) 
4 20 21 (2442.000000 -2769.000000 72.000000) (2736.000000 -2769.000000 184.000000) (2736.000000 -2728.000000 225.000000) (2226.750000 -2728.000000 31.000000) 
5 21 108 (2112.000000 -2671.498947 43.786767) (2112.000000 -2690.720815 24.564899) (2112.000000 -2714.748250 31.000607) (2112.000000 -2739.640568 55.894261) (2112.000000 -2727.804406 100.082597) 
4 21 106 (2112.000000 -2723.366197 116.651911) (2112.000000 -2677.714286 71.000000) (2112.000000 -2698.716835 71.000000) (2112.000000 -2727.804406 100.082597) 
4 21 99 (2112.000000 -2677.714286 71.000000) (2112.000000 -2661.000000 54.285714) (2112.000000 -2671.498947 43.786767) (2112.000000 -2698.716835 71.000000) 
7 21 22 (2399.671875 -2723.366197 226.241197) (2112.000000 -2723.366197 116.651911) (2112.000000 -2739.640568 55.894261) (2143.996893 -2745.015847 48.015847) (2442.000000 -2769.000000 72.000000) (2736.000000 -2769.000000 184.000000) (2441.825000 -2728.000000 225.000000) 
5 22 108 (2112.000000 -2770.748245 128.007138) (2112.000000 -2767.575804 139.847194) (2112.000000 -2727.804406 100.082597) (2112.000000 -2739.640568 55.894261) (2112.000000 -2755.740620 71.995177) 
4 22 106 (2112.000000 -2767.575804 139.847194) (2112.000000 -2763.135058 156.420772) (2112.000000 -2723.366197 116.651911) (2112.000000 -2727.804406 100.082597) 
5 23 108 (2112.000000 -2665.372179 17.775309) (2112.000000 -2649.685538 21.977088) (2112.000000 -2646.884759 19.176789) (2112.000000 -2658.509519 16.063161) (2112.000000 -2659.144606 16.107264) 
4 23 98 (2112.000000 -2649.685538 21.977088) (2112.000000 -2633.126761 26.412475) (2112.000000 -2630.326194 23.611909) (2112.000000 -2646.884759 19.176789) 
3 24 26 (2894.630219 -2838.224091 211.667167) (2894.117647 -2832.000000 188.235294) (3016.622409 -2838.224091 211.667167) 
5 24 25 (3072.000000 -2841.037657 222.259414) (3072.000000 -2871.340426 336.340426) (2895.352941 -2847.000000 244.705882) (2894.630219 -2838.224091 211.667167) (3016.622409 -2838.224091 211.667167) 
5 25 31 (2951.203125 -3041.000000 265.982143) (2814.750000 -3000.000000 255.000000) (2781.475352 -2976.338028 248.661972) (3072.000000 -2976.338028 248.661972) (3072.000000 -3052.501041 269.062779) 
4 25 28 (2781.475352 -2976.338028 248.661972) (2736.000000 -2944.000000 240.000000) (3072.000000 -2944.000000 240.000000) (3072.000000 -2976.338028 248.661972) 
4 25 29 (2736.000000 -2944.000000 240.000000) (2736.000000 -2888.000000 225.000000) (3072.000000 -2888.000000 225.000000) (3072.000000 -2944.000000 240.000000) 
6 25 26 (2736.000000 -2888.000000 225.000000) (2814.796875 -2847.000000 214.017857) (2894.630219 -2838.224091 211.667167) (3016.622409 -2838.224091 211.667167) (3072.000000 -2843.496578 213.079441) (3072.000000 -2888.000000 225.000000) 
6 26 29 (3072.000000 -2888.000000 225.000000) (2736.000000 -2888.000000 225.000000) (2736.000000 -2847.000000 184.000000) (2843.625000 -2832.000000 169.000000) (3030.000000 -2847.000000 184.000000) (3072.000000 -2855.000000 192.000000) 
4 27 40 (2677.333333 -2832.000000 128.000000) (2676.318339 -2835.044983 116.632065) (2669.231425 -2856.305725 193.305725) (2672.333333 -2847.000000 184.000000) 
4 27 29 (2676.318339 -2835.044983 116.632065) (2736.000000 -2832.000000 128.000000) (2736.000000 -2847.000000 184.000000) (2669.231425 -2856.305725 193.305725) 
4 28 31 (3072.000000 -2976.338028 248.661972) (2781.475352 -2976.338028 248.661972) (2736.000000 -3000.000000 225.000000) (3072.000000 -3000.000000 225.000000) 
4 28 29 (3072.000000 -3000.000000 225.000000) (2736.000000 -3000.000000 225.000000) (2736.000000 -2944.000000 240.000000) (3072.000000 -2944.000000 240.000000) 
4 29 41 (2611.055997 -3030.832010 174.362782) (2613.364040 -3023.907880 201.092120) (2619.889053 -3004.332840 220.667160) (2615.160120 -3018.519640 160.353309) 
5 29 42 (2608.124946 -3039.625162 70.625162) (2607.666667 -3041.000000 72.000000) (2604.896321 -3049.311037 103.027871) (2611.055997 -3030.832010 174.362782) (2615.160120 -3018.519640 160.353309) 
10 29 40 (2676.318339 -2835.044983 116.632065) (2672.333333 -2847.000000 72.000000) (2667.431818 -2861.704545 57.295455) (2613.760870 -3022.717391 53.717391) (2608.124946 -3039.625162 70.625162) (2619.889053 -3004.332840 220.667160) (2621.333333 -3000.000000 225.000000) (2640.000000 -2944.000000 240.000000) (2658.666667 -2888.000000 225.000000) (2669.231425 -2856.305725 193.305725) 
6 29 33 (2768.000000 -2944.000000 64.000000) (2666.947368 -2863.157895 57.263158) (2667.431818 -2861.704545 57.295455) (2736.000000 -2857.133333 61.866667) (2834.212121 -2888.000000 68.414141) (2835.747748 -2889.801802 68.516517) 
5 29 32 (2835.747748 -2998.198198 68.516517) (2834.212121 -3000.000000 68.414141) (2736.000000 -3030.866667 61.866667) (2613.760870 -3022.717391 53.717391) (2666.947368 -2863.157895 57.263158) 
6 29 31 (2736.000000 -3041.000000 184.000000) (2843.625000 -3056.000000 169.000000) (3030.000000 -3041.000000 184.000000) (3072.000000 -3033.000000 192.000000) (3072.000000 -3000.000000 225.000000) (2736.000000 -3000.000000 225.000000) 
4 29 30 (2736.000000 -3056.000000 128.000000) (2736.000000 -3041.000000 184.000000) (2613.364040 -3023.907880 201.092120) (2604.896321 -3049.311037 103.027871) 
3 30 41 (2607.967953 -3040.096142 184.903858) (2613.364040 -3023.907880 201.092120) (2611.055997 -3030.832010 174.362782) 
5 30 42 (2604.896321 -3049.311037 103.027871) (2602.666667 -3056.000000 128.000000) (2607.666667 -3041.000000 184.000000) (2607.967953 -3040.096142 184.903858) (2611.055997 -3030.832010 174.362782) 
3 32 40 (2618.738916 -3007.783251 38.783251) (2613.760870 -3022.717391 53.717391) (2666.947368 -2863.157895 57.263158) 
5 32 35 (2768.000000 -3014.901099 58.091575) (2736.000000 -3022.215385 53.215385) (2618.738916 -3007.783251 38.783251) (2622.789916 -2995.630252 40.336134) (2768.000000 -2944.000000 64.000000) 
3 32 34 (2622.789916 -2995.630252 40.336134) (2627.512195 -2981.463415 42.146341) (2768.000000 -2944.000000 64.000000) 
3 32 33 (2627.512195 -2981.463415 42.146341) (2666.947368 -2863.157895 57.263158) (2768.000000 -2944.000000 64.000000) 
4 33 40 (2627.512195 -2981.463415 42.146341) (2666.947368 -2863.157895 57.263158) (2667.431818 -2861.704545 57.295455) (2659.212121 -2886.363636 32.636364) 
5 33 34 (2736.000000 -2873.200000 45.800000) (2768.000000 -2878.163265 53.027211) (2768.000000 -2944.000000 64.000000) (2627.512195 -2981.463415 42.146341) (2659.212121 -2886.363636 32.636364) 
5 34 40 (2622.789916 -2995.630252 40.336134) (2627.512195 -2981.463415 42.146341) (2659.212121 -2886.363636 32.636364) (2658.666667 -2888.000000 31.000000) (2658.084404 -2889.746789 30.532110) 
5 34 36 (2768.000000 -2944.000000 64.000000) (2644.571429 -2930.285714 34.285714) (2658.084404 -2889.746789 30.532110) (2661.500000 -2888.000000 31.000000) (2679.000000 -2884.666667 34.333333) 
3 34 35 (2768.000000 -2944.000000 64.000000) (2622.789916 -2995.630252 40.336134) (2644.571429 -2930.285714 34.285714) 
5 35 40 (2627.726027 -2980.821918 25.863014) (2621.333333 -3000.000000 31.000000) (2618.738916 -3007.783251 38.783251) (2622.789916 -2995.630252 40.336134) (2644.571429 -2930.285714 34.285714) 
5 35 36 (2768.000000 -2944.000000 64.000000) (2669.111111 -3003.333333 34.333333) (2654.666667 -3000.000000 31.000000) (2627.726027 -2980.821918 25.863014) (2644.571429 -2930.285714 34.285714) 
4 36 40 (2640.000000 -2944.000000 16.000000) (2627.726027 -2980.821918 25.863014) (2644.571429 -2930.285714 34.285714) (2658.084404 -2889.746789 30.532110) 
3 37 117 (2112.000000 -2885.035294 31.794118) (2112.000000 -2888.000000 31.000000) (2112.000000 -2887.064935 31.935065) 
5 37 113 (2112.000000 -2861.304315 44.438777) (2112.000000 -2869.895194 35.849502) (2112.000000 -2885.035294 31.794118) (2112.000000 -2887.064935 31.935065) (2112.000000 -2870.678218 48.321782) 
4 37 112 (2112.000000 -2833.746838 71.991108) (2112.000000 -2861.304315 44.438777) (2112.000000 -2870.678218 48.321782) (2112.000000 -2828.898887 90.101113) 
3 37 46 (2112.000000 -2888.000000 31.000000) (2112.000000 -2869.895194 35.849502) (2144.000000 -2888.000000 31.000000) 
4 37 43 (2112.000000 -2887.999899 31.000101) (2144.000000 -2887.999900 31.000100) (2144.010149 -2865.492074 53.507926) (2112.000000 -2858.306122 60.693878) 
4 37 42 (2144.010149 -2865.492074 53.507926) (2144.018482 -2847.010454 71.989546) (2112.000000 -2828.898887 90.101113) (2112.000000 -2858.306122 60.693878) 
4 38 112 (2112.000000 -2937.372567 238.224795) (2112.000000 -2930.741326 240.000912) (2112.000000 -2874.755914 225.002763) (2112.000000 -2869.905339 220.153216) 
4 38 42 (2144.000000 -2944.000000 240.000000) (2112.000000 -2937.372567 238.224795) (2112.000000 -2869.905339 220.153216) (2143.993525 -2888.008211 225.002199) 
4 39 112 (2112.000000 -2833.733336 183.988881) (2112.000000 -2818.749723 128.014329) (2112.000000 -2825.374769 103.265806) (2112.000000 -2851.848185 202.099890) 
4 39 42 (2112.000000 -2851.848185 202.099890) (2112.000000 -2825.374769 103.265806) (2144.000007 -2832.004554 128.017000) (2144.023113 -2846.996498 183.986927) 
4 40 44 (2210.779710 -2880.481159 38.518841) (2215.875000 -2881.625000 37.375000) (2222.020512 -2889.136181 35.326496) (2212.040268 -2884.327241 37.847157) 
3 40 43 (2198.195259 -2877.656079 41.343921) (2210.779710 -2880.481159 38.518841) (2212.040268 -2884.327241 37.847157) 
7 40 41 (2612.229256 -3000.000000 225.000000) (2486.734085 -2944.000000 240.000000) (2341.851791 -2888.000000 225.000000) (2216.378592 -2847.000000 184.000000) (2185.806560 -2840.666065 160.353309) (2615.160120 -3018.519640 160.353309) (2619.889053 -3004.332840 220.667160) 
9 40 42 (2185.806560 -2840.666065 160.353309) (2143.978028 -2832.000000 128.000000) (2144.000000 -2847.000000 72.000000) (2198.195259 -2877.656079 41.343921) (2259.517379 -2907.203897 25.856099) (2341.976901 -2944.000000 16.000000) (2486.859195 -3000.000000 31.000000) (2608.124946 -3039.625162 70.625162) (2615.160120 -3018.519640 160.353309) 
7 41 42 (2242.948801 -2944.000000 240.000000) (2143.979014 -2888.000000 225.000000) (2144.000000 -2847.000000 184.000000) (2185.806560 -2840.666065 160.353309) (2615.160120 -3018.519640 160.353309) (2607.967953 -3040.096142 184.903858) (2414.311756 -2999.985389 225.003914) 
4 42 113 (2112.000000 -2891.740422 57.046499) (2112.000000 -3000.885754 45.139736) (2112.000000 -3027.739001 71.994101) (2112.000000 -3040.213057 118.549166) 
11 42 112 (2112.000000 -3042.747563 128.008326) (2112.000000 -3027.745519 183.997689) (2112.000000 -2986.743950 225.001118) (2112.000000 -2937.372567 238.224795) (2112.000000 -2869.905339 220.153216) (2112.000000 -2851.848185 202.099890) (2112.000000 -2825.374769 103.265806) (2112.000000 -2828.898887 90.101113) (2112.000000 -2858.306122 60.693878) (2112.000000 -2891.740422 57.046499) (2112.000000 -3040.213057 118.549166) 
4 42 44 (2212.040268 -2884.327241 37.847157) (2222.020512 -2889.136181 35.326496) (2273.513514 -2952.072072 18.162162) (2240.061016 -2969.821201 22.916393) 
7 42 43 (2143.996589 -3007.066189 38.066189) (2112.000000 -3000.885754 45.139736) (2112.000000 -2858.306122 60.693878) (2198.195259 -2877.656079 41.343921) (2212.040268 -2884.327241 37.847157) (2240.061016 -2969.821201 22.916393) (2183.181818 -3000.000000 31.000000) 
5 43 117 (2112.000000 -2887.064935 31.935065) (2112.000000 -2888.000000 31.000000) (2112.000000 -2937.371222 17.775566) (2112.000000 -2986.747169 31.000563) (2112.000000 -2995.190005 39.443750) 
5 43 113 (2112.000000 -2870.678218 48.321782) (2112.000000 -2887.064935 31.935065) (2112.000000 -2995.190005 39.443750) (2112.000000 -3000.885754 45.139736) (2112.000000 -2891.740422 57.046499) 
3 43 112 (2112.000000 -2858.306122 60.693878) (2112.000000 -2870.678218 48.321782) (2112.000000 -2891.740422 57.046499) 
4 43 46 (2112.000000 -2937.371222 17.775566) (2112.000000 -2888.000000 31.000000) (2144.000000 -2888.000000 31.000000) (2144.007188 -2944.000000 16.000000) 
3 43 45 (2165.666667 -2888.000000 31.000000) (2198.666667 -2882.500000 36.500000) (2144.000000 -2944.000000 16.000000) 
4 43 44 (2205.666667 -2881.333333 37.666667) (2210.779710 -2880.481159 38.518841) (2240.061016 -2969.821201 22.916393) (2187.103448 -2955.586207 19.103448) 
5 46 117 (2112.000000 -2937.371222 17.775566) (2112.000000 -2885.035294 31.794118) (2112.000000 -2874.671198 31.074389) (2112.000000 -2874.743501 31.002099) (2112.000000 -2930.743412 16.000354) 
3 46 113 (2112.000000 -2885.035294 31.794118) (2112.000000 -2869.895194 35.849502) (2112.000000 -2874.671198 31.074389) 
5 47 52 (2057.406531 -1867.320670 204.517885) (2035.424015 -1863.697588 224.999660) (1969.830242 -1840.541871 240.000208) (1900.223041 -1807.692684 225.000284) (1872.755997 -1790.831760 204.517637) 
4 47 51 (2035.426700 -1831.519321 211.668202) (2057.406531 -1867.320670 204.517885) (1872.755997 -1790.831760 204.517637) (1868.038025 -1762.180200 211.668164) 
5 47 48 (1898.836432 -1669.156830 240.000453) (1994.447429 -1764.771163 224.999279) (2035.426700 -1831.519321 211.668202) (1868.038025 -1762.180200 211.668164) (1859.241262 -1708.758738 225.000478) 
4 48 89 (1803.889230 -1573.138462 31.687692) (1803.476183 -1573.654771 31.000261) (1803.373013 -1573.783734 30.954273) (1803.160041 -1574.049949 31.277523) 
9 48 81 (1803.475285 -1573.655894 225.000520) (1828.111300 -1542.860874 183.998992) (1837.126728 -1531.591590 128.003555) (1828.109592 -1542.863010 71.997427) (1803.889230 -1573.138462 31.687692) (1803.160041 -1574.049949 31.277523) (1760.748945 -1627.063819 95.649141) (1776.345200 -1607.568500 184.021025) (1803.374241 -1573.782198 225.045560) 
5 48 54 (1898.843594 -1669.161489 16.000000) (1994.441958 -1764.762964 30.999637) (2021.072604 -1808.139081 39.662946) (1864.955649 -1743.469760 39.662560) (1859.240819 -1708.764975 31.001242) 
6 48 53 (1849.342887 -1648.657214 16.000070) (1859.240000 -1708.760000 31.000000) (1830.248610 -1737.749424 72.000000) (1804.862012 -1733.565262 95.653346) (1760.748945 -1627.063819 95.649141) (1803.373013 -1573.783734 30.954273) 
8 48 52 (2090.038886 -1860.354112 127.997687) (2084.349913 -1866.034621 158.021021) (1833.373790 -1762.070774 158.018871) (1819.642233 -1748.342234 127.983010) (1830.250298 -1737.749703 71.998428) (1864.955649 -1743.469760 39.662560) (2021.072604 -1808.139081 39.662946) (2064.438759 -1834.759925 72.002165) 
6 48 51 (1833.373790 -1762.070774 158.018871) (2084.349913 -1866.034621 158.021021) (2072.499309 -1854.225107 184.000707) (2035.426700 -1831.519321 211.668202) (1868.038025 -1762.180200 211.668164) (1838.326339 -1757.218261 184.011890) 
5 48 50 (1803.374241 -1573.782198 225.045560) (1776.345200 -1607.568500 184.021025) (1830.264036 -1737.752313 184.013078) (1859.241875 -1708.760356 225.000421) (1849.345345 -1648.658623 240.000175) 
5 48 49 (1804.862012 -1733.565262 95.653346) (1819.650000 -1748.350000 128.000000) (1830.264036 -1737.752313 184.013078) (1776.345200 -1607.568500 184.021025) (1760.748945 -1627.063819 95.649141) 
4 49 81 (1760.748945 -1627.063819 95.649141) (1747.518092 -1643.602385 115.730947) (1744.125198 -1647.843503 135.117679) (1776.345200 -1607.568500 184.021025) 
5 49 56 (1744.125198 -1647.843503 135.117679) (1747.518092 -1643.602385 115.730947) (1783.309051 -1730.012952 115.734795) (1781.017385 -1732.347855 128.003225) (1777.784857 -1729.104999 135.115925) 
4 49 53 (1804.862012 -1733.565262 95.653346) (1783.309051 -1730.012952 115.734795) (1747.518092 -1643.602385 115.730947) (1760.748945 -1627.063819 95.649141) 
4 49 50 (1776.345200 -1607.568500 184.021025) (1744.125198 -1647.843503 135.117679) (1777.784857 -1729.104999 135.115925) (1830.264036 -1737.752313 184.013078) 
3 50 86 (1736.939797 -1656.825254 176.174497) (1731.029923 -1664.212596 209.943055) (1775.998572 -1608.001785 224.999522) 
3 50 83 (1739.000256 -1654.249680 164.401196) (1736.939797 -1656.825254 176.174497) (1743.200000 -1649.000000 184.000000) 
6 50 81 (1744.125198 -1647.843503 135.117679) (1739.000256 -1654.249680 164.401196) (1743.200000 -1649.000000 184.000000) (1775.998572 -1608.001785 224.999522) (1791.690563 -1588.386796 230.253537) (1803.374241 -1573.782198 225.045560) 
5 50 80 (1731.029923 -1664.212596 209.943055) (1730.149644 -1665.312945 214.972901) (1736.174354 -1657.782057 224.999758) (1769.825699 -1615.717877 239.999759) (1791.690563 -1588.386796 230.253537) 
4 50 56 (1730.149644 -1665.312945 214.972901) (1744.125198 -1647.843503 135.117679) (1777.784857 -1729.104999 135.115925) (1755.570443 -1706.819619 183.995442) 
6 51 52 (2084.349913 -1866.034621 158.021021) (2079.427174 -1870.950036 184.000586) (2057.406531 -1867.320670 204.517885) (1872.755997 -1790.831760 204.517637) (1845.256607 -1773.950979 184.010869) (1833.373790 -1762.070774 158.018871) 
5 52 125 (1928.000000 -1952.000000 193.000000) (1919.000000 -1952.000000 184.000000) (1904.000000 -1952.000000 128.000000) (1914.163566 -1952.000000 90.056019) (1928.000000 -1952.000000 88.520909) 
6 52 119 (2112.000000 -1952.000000 71.000000) (2112.000000 -1952.000000 185.000000) (2093.729203 -1952.000000 203.270797) (1928.000000 -1952.000000 184.884233) (1928.000000 -1952.000000 88.520909) (2109.395615 -1952.000000 68.395615) 
6 52 101 (2093.729203 -1952.000000 203.270797) (2072.000000 -1952.000000 225.000000) (2016.000000 -1952.000000 240.000000) (1960.000000 -1952.000000 225.000000) (1931.850241 -1952.000000 196.850241) (1962.311783 -1952.000000 188.690899) 
4 52 102 (1931.850241 -1952.000000 196.850241) (1928.000000 -1952.000000 193.000000) (1928.000000 -1952.000000 184.884233) (1962.311783 -1952.000000 188.690899) 
5 52 54 (2021.072604 -1808.139081 39.662946) (2109.395615 -1952.000000 68.395615) (1914.163566 -1952.000000 90.056019) (1886.291852 -1873.039391 71.999421) (1864.955649 -1743.469760 39.662560) 
3 53 89 (1803.373013 -1573.783734 30.954273) (1799.578228 -1578.527215 29.262753) (1803.160041 -1574.049949 31.277523) 
4 53 88 (1783.222153 -1598.972309 21.972056) (1769.824750 -1615.719063 16.000182) (1764.561497 -1622.298129 18.346267) (1758.523650 -1629.845438 52.846051) 
5 53 81 (1799.578228 -1578.527215 29.262753) (1783.222153 -1598.972309 21.972056) (1758.523650 -1629.845438 52.846051) (1747.518092 -1643.602385 115.730947) (1803.160041 -1574.049949 31.277523) 
5 53 56 (1783.309051 -1730.012952 115.734795) (1747.518092 -1643.602385 115.730947) (1764.561497 -1622.298129 18.346267) (1784.125159 -1677.643964 30.999617) (1791.478381 -1721.689487 72.000284) 
4 54 125 (1928.000000 -1952.000000 88.520909) (1914.163566 -1952.000000 90.056019) (1919.000000 -1952.000000 72.000000) (1928.000000 -1952.000000 63.000000) 
4 54 121 (1949.420513 -1952.000000 41.579487) (1960.000000 -1952.000000 31.000000) (1971.200000 -1952.000000 28.000000) (2089.600000 -1952.000000 57.600000) 
6 54 119 (2109.395615 -1952.000000 68.395615) (1928.000000 -1952.000000 88.520909) (1928.000000 -1952.000000 63.000000) (1949.420513 -1952.000000 41.579487) (2089.600000 -1952.000000 57.600000) (2101.600000 -1952.000000 60.600000) 
5 54 55 (1953.416520 -1800.913141 15.999787) (2012.113785 -1807.425472 30.999720) (2101.600000 -1952.000000 60.600000) (2089.600000 -1952.000000 57.600000) (1960.331906 -1859.665647 20.666259) 
3 55 119 (2099.761290 -1952.000000 58.761290) (2101.600000 -1952.000000 60.600000) (2089.600000 -1952.000000 57.600000) 
4 56 93 (1720.761315 -1677.048357 56.652637) (1711.539211 -1688.575986 72.000871) (1702.530101 -1699.837373 128.009777) (1703.851810 -1698.185237 136.226774) 
5 56 88 (1758.523650 -1629.845438 52.846051) (1764.561497 -1622.298129 18.346267) (1736.175274 -1657.780907 30.999372) (1720.761315 -1677.048357 56.652637) (1708.203567 -1692.745541 115.747921) 
6 56 86 (1731.029923 -1664.212596 209.943055) (1736.939797 -1656.825254 176.174497) (1704.089151 -1697.888562 135.109880) (1703.851810 -1698.185237 136.226774) (1711.534998 -1688.581252 183.992755) (1726.144595 -1670.319257 208.307342) 
4 56 85 (1725.633531 -1670.958086 93.959854) (1708.203567 -1692.745541 115.747921) (1704.089151 -1697.888562 135.109880) (1714.202663 -1685.246671 147.752174) 
3 56 84 (1718.400000 -1680.000000 128.000000) (1714.202663 -1685.246671 147.752174) (1725.633840 -1670.957700 162.041600) 
5 56 83 (1736.939797 -1656.825254 176.174497) (1739.000256 -1654.249680 164.401196) (1724.773222 -1672.033473 98.008368) (1718.400000 -1680.000000 128.000000) (1725.633840 -1670.957700 162.041600) 
4 56 81 (1739.000256 -1654.249680 164.401196) (1758.523650 -1629.845438 52.846051) (1725.633531 -1670.958086 93.959854) (1724.773222 -1672.033473 98.008368) 
3 56 80 (1730.149644 -1665.312945 214.972901) (1731.029923 -1664.212596 209.943055) (1726.144595 -1670.319257 208.307342) 
4 57 60 (1682.863680 -1837.847420 236.290870) (1706.504309 -1861.487643 240.000000) (1700.851625 -1867.141476 237.858524) (1658.173247 -1880.000000 225.000000) 
3 57 59 (1616.000000 -1880.000000 225.000000) (1658.173247 -1880.000000 225.000000) (1700.851625 -1867.141476 237.858524) 
4 57 58 (1658.173247 -1880.000000 225.000000) (1616.000000 -1880.000000 225.000000) (1616.000000 -1824.000000 240.000000) (1682.863680 -1837.847420 236.290870) 
5 58 94 (1632.451285 -1787.435894 228.381345) (1526.714296 -1919.607130 185.392870) (1558.400000 -1880.000000 225.000000) (1603.200000 -1824.000000 240.000000) (1616.001829 -1807.997713 235.713673) 
3 58 66 (1526.714296 -1919.607130 185.392870) (1539.464929 -1903.668839 190.576773) (1557.936773 -1910.200142 194.799858) 
4 58 61 (1539.464929 -1903.668839 190.576773) (1549.864511 -1890.669362 194.804831) (1583.411853 -1902.524782 202.475218) (1557.936773 -1910.200142 194.799858) 
5 58 60 (1549.864511 -1890.669362 194.804831) (1632.451285 -1787.435894 228.381345) (1682.863680 -1837.847420 236.290870) (1658.173247 -1880.000000 225.000000) (1583.411853 -1902.524782 202.475218) 
3 58 59 (1615.997720 -1892.707020 212.292980) (1658.173247 -1880.000000 225.000000) (1616.000000 -1880.000000 225.000000) 
3 59 67 (1615.997720 -1892.707020 212.292980) (1700.851625 -1867.141476 237.858524) (1666.910000 -1901.090000 225.000000) 
9 60 94 (1656.756091 -1757.054887 58.825779) (1622.107316 -1800.365855 34.076654) (1543.255779 -1898.930276 153.759533) (1549.864511 -1890.669362 194.804831) (1632.451285 -1787.435894 228.381345) (1640.035271 -1777.955911 225.000791) (1664.672302 -1747.159623 183.997449) (1673.687102 -1735.891122 128.005807) (1664.669373 -1747.163283 71.995810) 
4 60 75 (1662.281635 -1872.985981 23.985981) (1666.910000 -1901.090000 31.000000) (1652.536876 -1915.462625 51.327134) (1634.157926 -1921.000000 72.000000) 
7 60 74 (1543.255779 -1898.930276 153.759533) (1622.107316 -1800.365855 34.076654) (1648.527766 -1827.169898 18.760058) (1657.011988 -1840.988013 16.000135) (1662.281635 -1872.985981 23.985981) (1634.157926 -1921.000000 72.000000) (1597.262368 -1932.116224 113.500570) 
4 60 73 (1706.512227 -1861.490922 16.000000) (1752.972423 -1907.952699 23.290077) (1668.485633 -1910.657441 33.387780) (1666.910640 -1901.093887 31.000970) 
3 60 71 (1615.999999 -1920.986712 184.013288) (1618.216099 -1922.242184 182.757816) (1615.998898 -1907.330063 197.669937) 
8 60 67 (1707.961354 -1864.999393 240.000607) (1615.997720 -1892.707020 212.292980) (1615.998898 -1907.330063 197.669937) (1618.216099 -1922.242184 182.757816) (1657.790474 -1944.661972 160.338028) (1844.298581 -1944.661972 160.338028) (1828.159160 -1920.999284 184.000716) (1770.179224 -1880.000537 224.999463) 
3 60 65 (1629.250506 -1938.746452 138.253419) (1615.987887 -1935.997489 127.990627) (1615.993236 -1929.375219 103.267483) 
4 60 64 (1625.370184 -1936.003549 128.013249) (1615.993236 -1929.375219 103.267483) (1615.995581 -1926.472114 92.429226) (1634.158938 -1920.999695 71.998862) 
10 60 63 (1844.298581 -1944.661972 160.338028) (1657.790474 -1944.661972 160.338028) (1629.250506 -1938.746452 138.253419) (1625.370184 -1936.003549 128.013249) (1634.158938 -1920.999695 71.998862) (1668.485633 -1910.657441 33.387780) (1752.972423 -1907.952699 23.290077) (1782.610502 -1910.017788 30.999740) (1828.160955 -1921.000315 72.001176) (1849.372852 -1935.999778 127.999170) 
3 60 62 (1629.250506 -1938.746452 138.253419) (1657.790474 -1944.661972 160.338028) (1635.789046 -1932.197660 172.802340) 
6 60 61 (1583.411853 -1902.524782 202.475218) (1549.864511 -1890.669362 194.804831) (1543.255779 -1898.930276 153.759533) (1597.262368 -1932.116224 113.500570) (1616.000000 -1936.000000 128.000000) (1616.023454 -1921.000000 184.000000) 
4 61 94 (1543.255779 -1898.930276 153.759533) (1535.473981 -1908.657524 165.570945) (1539.464929 -1903.668839 190.576773) (1549.864511 -1890.669362 194.804831) 
5 61 74 (1535.473981 -1908.657524 165.570945) (1543.255779 -1898.930276 153.759533) (1597.262368 -1932.116224 113.500570) (1584.371833 -1936.000000 128.000000) (1577.347461 -1934.306398 134.322779) 
5 61 66 (1539.464929 -1903.668839 190.576773) (1535.473981 -1908.657524 165.570945) (1577.347461 -1934.306398 134.322779) (1577.079819 -1921.000000 184.000000) (1557.936773 -1910.200142 194.799858) 
3 62 68 (1637.619058 -1944.661972 160.338028) (1657.790474 -1944.661972 160.338028) (1635.789046 -1932.197660 172.802340) 
3 62 63 (1657.790474 -1944.661972 160.338028) (1637.619058 -1944.661972 160.338028) (1629.250506 -1938.746452 138.253419) 
4 63 148 (1856.000000 -1952.000000 128.000000) (1849.303571 -1952.000000 153.000000) (1638.696429 -1952.000000 153.000000) (1632.000000 -1952.000000 128.000000) 
3 63 77 (1637.919858 -1930.079136 71.999195) (1634.158938 -1920.999695 71.998862) (1652.536876 -1915.462625 51.327134) 
4 63 73 (1752.972423 -1907.952699 23.290077) (1769.911586 -1924.892438 25.948003) (1671.344956 -1928.019619 37.720920) (1668.485633 -1910.657441 33.387780) 
7 63 72 (1671.344956 -1928.019619 37.720920) (1769.911586 -1924.892438 25.948003) (1789.327575 -1926.234333 30.999841) (1834.839329 -1937.125150 72.000564) (1856.000000 -1952.000000 128.000000) (1632.000000 -1952.000000 128.000000) (1640.838362 -1937.124855 71.999454) 
4 63 68 (1638.696429 -1952.000000 153.000000) (1670.743223 -1952.000000 153.000000) (1657.790474 -1944.661972 160.338028) (1637.619058 -1944.661972 160.338028) 
4 63 67 (1670.743223 -1952.000000 153.000000) (1849.303571 -1952.000000 153.000000) (1844.298581 -1944.661972 160.338028) (1657.790474 -1944.661972 160.338028) 
3 63 65 (1629.250506 -1938.746452 138.253419) (1625.370184 -1936.003549 128.013249) (1627.314285 -1940.694284 128.009364) 
4 63 64 (1634.158938 -1920.999695 71.998862) (1637.920152 -1930.079847 71.999195) (1627.314285 -1940.694284 128.009364) (1625.370184 -1936.003549 128.013249) 
3 64 77 (1615.995581 -1926.472114 92.429226) (1634.158938 -1920.999695 71.998862) (1637.920152 -1930.079847 71.999195) 
3 64 65 (1625.370184 -1936.003549 128.013249) (1615.993236 -1929.375219 103.267483) (1627.314285 -1940.694284 128.009364) 
5 66 94 (1535.473981 -1908.657524 165.570945) (1525.043435 -1921.695707 181.402695) (1525.600000 -1921.000000 184.000000) (1526.714296 -1919.607130 185.392870) (1539.464929 -1903.668839 190.576773) 
3 66 74 (1525.043435 -1921.695707 181.402695) (1535.473981 -1908.657524 165.570945) (1577.347461 -1934.306398 134.322779) 
6 67 148 (1849.303571 -1952.000000 153.000000) (1841.000000 -1952.000000 184.000000) (1800.000000 -1952.000000 225.000000) (1793.812550 -1952.000000 226.657353) (1690.759680 -1952.000000 183.967969) (1670.743223 -1952.000000 153.000000) 
3 67 71 (1615.998898 -1907.330063 197.669937) (1618.216099 -1922.242184 182.757816) (1618.450148 -1922.003131 184.011803) 
5 67 69 (1637.908256 -1930.075128 184.000007) (1690.759680 -1952.000000 183.967969) (1793.812550 -1952.000000 226.657353) (1727.010538 -1910.985875 240.000286) (1666.912006 -1901.090330 225.000501) 
4 67 68 (1670.743223 -1952.000000 153.000000) (1690.759680 -1952.000000 183.967969) (1637.908256 -1930.075128 184.000007) (1635.789046 -1932.197660 172.802340) 
4 68 148 (1690.759680 -1952.000000 183.967969) (1641.528805 -1952.000000 163.574207) (1638.696429 -1952.000000 153.000000) (1670.743223 -1952.000000 153.000000) 
3 68 69 (1641.528805 -1952.000000 163.574207) (1690.759680 -1952.000000 183.967969) (1637.908256 -1930.075128 184.000007) 
5 69 148 (1793.812550 -1952.000000 226.657353) (1761.532976 -1952.000000 235.303667) (1653.564871 -1952.000000 190.564871) (1647.000000 -1952.000000 184.000000) (1641.528805 -1952.000000 163.574207) 
4 69 70 (1653.564871 -1952.000000 190.564871) (1761.532976 -1952.000000 235.303667) (1738.018478 -1937.560056 240.000101) (1677.915848 -1927.655301 225.000239) 
4 70 148 (1761.532976 -1952.000000 235.303667) (1744.000000 -1952.000000 240.000000) (1688.000000 -1952.000000 225.000000) (1653.564871 -1952.000000 190.564871) 
3 72 153 (1662.666667 -1952.000000 56.333333) (1675.294212 -1952.000000 43.705788) (1743.400724 -1952.000000 36.149819) 
6 72 152 (1643.598086 -1952.000000 84.700478) (1647.000000 -1952.000000 72.000000) (1662.666667 -1952.000000 56.333333) (1743.400724 -1952.000000 36.149819) (1768.378679 -1952.000000 33.378679) (1784.480000 -1952.000000 49.480000) 
5 72 148 (1853.439024 -1952.000000 118.439024) (1856.000000 -1952.000000 128.000000) (1632.000000 -1952.000000 128.000000) (1643.598086 -1952.000000 84.700478) (1784.480000 -1952.000000 49.480000) 
5 72 131 (1797.018225 -1952.000000 30.201310) (1800.000000 -1952.000000 31.000000) (1841.000000 -1952.000000 72.000000) (1853.439024 -1952.000000 118.439024) (1768.378679 -1952.000000 33.378679) 
4 72 73 (1769.911586 -1924.892438 25.948003) (1797.018225 -1952.000000 30.201310) (1675.294212 -1952.000000 43.705788) (1671.344956 -1928.019619 37.720920) 
6 73 153 (1744.000000 -1952.000000 16.000000) (1753.560976 -1952.000000 18.560976) (1765.600000 -1952.000000 30.600000) (1743.400724 -1952.000000 36.149819) (1675.294212 -1952.000000 43.705788) (1688.000000 -1952.000000 31.000000) 
3 73 152 (1765.600000 -1952.000000 30.600000) (1768.378679 -1952.000000 33.378679) (1743.400724 -1952.000000 36.149819) 
3 73 131 (1753.560976 -1952.000000 18.560976) (1797.018225 -1952.000000 30.201310) (1768.378679 -1952.000000 33.378679) 
6 74 94 (1622.107316 -1800.365855 34.076654) (1600.483398 -1827.395753 18.630998) (1550.455179 -1889.931027 40.931027) (1525.600000 -1921.000000 72.000000) (1513.600000 -1936.000000 128.000000) (1525.043435 -1921.695707 181.402695) 
4 74 79 (1637.811550 -1829.446809 17.458967) (1638.881448 -1830.695023 16.745701) (1635.311378 -1831.999660 16.000194) (1615.999377 -1829.446809 17.458967) 
4 74 78 (1600.483398 -1827.395753 18.630998) (1617.655172 -1805.931034 30.896552) (1637.811550 -1829.446809 17.458967) (1615.999377 -1829.446809 17.458967) 
3 74 77 (1634.157926 -1921.000000 72.000000) (1615.995581 -1926.472114 92.429226) (1616.001422 -1921.000000 72.000000) 
4 74 76 (1550.455179 -1889.931027 40.931027) (1600.483398 -1827.395753 18.630998) (1615.999377 -1829.446809 17.458967) (1615.993598 -1880.000000 31.000000) 
4 74 75 (1662.281635 -1872.985981 23.985981) (1634.157926 -1921.000000 72.000000) (1616.001422 -1921.000000 72.000000) (1616.000000 -1879.999030 30.999030) 
3 75 77 (1652.536876 -1915.462625 51.327134) (1634.157926 -1921.000000 72.000000) (1616.001422 -1921.000000 72.000000) 
4 76 94 (1600.483398 -1827.395753 18.630998) (1598.842553 -1829.446809 17.458967) (1558.400000 -1880.000000 31.000000) (1550.455179 -1889.931027 40.931027) 
3 76 78 (1598.842553 -1829.446809 17.458967) (1600.483398 -1827.395753 18.630998) (1615.999377 -1829.446809 17.458967) 
3 78 96 (1598.842553 -1829.446809 17.458967) (1617.655172 -1805.931034 30.896552) (1602.227220 -1825.215975 16.325708) 
3 78 79 (1637.811550 -1829.446809 17.458967) (1615.999377 -1829.446809 17.458967) (1615.999674 -1826.853464 16.764321) 
3 80 86 (1775.998572 -1608.001785 224.999522) (1726.144595 -1670.319257 208.307342) (1615.987076 -1607.994473 225.001481) 
4 80 81 (1791.690563 -1588.386796 230.253537) (1775.998572 -1608.001785 224.999522) (1615.987076 -1607.994473 225.001481) (1615.989789 -1551.997885 240.000566) 
4 81 91 (1750.925373 -1587.104478 25.402985) (1763.586447 -1597.655373 20.655082) (1684.260488 -1597.655373 20.655082) (1615.994864 -1587.104478 25.402985) 
6 81 90 (1392.000000 -1548.399887 42.820051) (1392.000000 -1451.086294 86.611168) (1587.703553 -1451.086294 86.611168) (1750.925373 -1587.104478 25.402985) (1615.994864 -1587.104478 25.402985) (1410.986024 -1555.419031 39.661436) 
4 81 89 (1744.020367 -1528.050919 51.977087) (1803.889230 -1573.138462 31.687692) (1799.578228 -1578.527215 29.262753) (1771.139312 -1595.848280 21.468274) 
7 81 88 (1684.260488 -1597.655373 20.655082) (1768.172302 -1597.655373 20.655082) (1783.222153 -1598.972309 21.972056) (1725.633531 -1670.958086 93.959854) (1654.817396 -1670.958086 93.959854) (1616.000000 -1649.000421 72.001572) (1616.000000 -1607.998758 30.998758) 
4 81 87 (1410.986024 -1555.419031 39.661436) (1615.994864 -1587.104478 25.402985) (1615.991806 -1608.000000 31.000000) (1558.830424 -1616.661559 39.661802) 
4 81 86 (1775.998572 -1608.001785 224.999522) (1616.000000 -1608.001785 224.999522) (1615.976882 -1649.000000 184.000000) (1743.200000 -1649.000000 184.000000) 
4 81 85 (1654.817396 -1670.958086 93.959854) (1725.633531 -1670.958086 93.959854) (1724.773222 -1672.033473 98.008368) (1654.797169 -1672.033473 98.008368) 
5 81 83 (1654.797169 -1672.033473 98.008368) (1724.773222 -1672.033473 98.008368) (1743.200000 -1649.000000 184.000000) (1615.976882 -1649.000000 184.000000) (1615.999993 -1663.995446 128.017000) 
8 81 82 (1410.986024 -1555.419031 39.661436) (1558.830424 -1616.661559 39.661802) (1616.000001 -1649.000421 72.001572) (1616.021972 -1664.000000 128.000000) (1543.621408 -1649.000000 184.000000) (1418.152827 -1608.001785 224.999522) (1392.000000 -1597.893177 227.707185) (1392.000000 -1548.399887 42.820051) 
3 82 90 (1392.000000 -1552.484618 40.981922) (1392.000000 -1548.399887 42.820051) (1410.986024 -1555.419031 39.661436) 
4 82 87 (1392.000000 -1641.941065 64.942018) (1392.000000 -1552.484618 40.981922) (1410.986024 -1555.419031 39.661436) (1558.830424 -1616.661559 39.661802) 
4 83 86 (1654.798923 -1670.957700 162.041600) (1725.633840 -1670.957700 162.041600) (1743.200000 -1649.000000 184.000000) (1615.976882 -1649.000000 184.000000) 
4 83 85 (1724.773222 -1672.033473 98.008368) (1718.400000 -1680.000000 128.000000) (1654.629520 -1680.000000 128.000000) (1654.797169 -1672.033473 98.008368) 
4 83 84 (1725.633840 -1670.957700 162.041600) (1654.798923 -1670.957700 162.041600) (1654.629520 -1680.000000 128.000000) (1718.400000 -1680.000000 128.000000) 
4 84 86 (1680.062362 -1685.246671 147.752174) (1714.202663 -1685.246671 147.752174) (1725.633840 -1670.957700 162.041600) (1654.798923 -1670.957700 162.041600) 
4 84 85 (1718.400000 -1680.000000 128.000000) (1714.202663 -1685.246671 147.752174) (1680.062362 -1685.246671 147.752174) (1654.629520 -1680.000000 128.000000) 
5 85 93 (1708.203567 -1692.745541 115.747921) (1704.089151 -1697.888562 135.109880) (1702.413700 -1697.888562 135.109880) (1693.272623 -1696.002802 128.010550) (1693.333890 -1692.745541 115.747921) 
4 85 88 (1725.633531 -1670.958086 93.959854) (1708.203567 -1692.745541 115.747921) (1693.333890 -1692.745541 115.747921) (1654.817396 -1670.958086 93.959854) 
4 85 86 (1702.413700 -1697.888562 135.109880) (1704.089151 -1697.888562 135.109880) (1714.202663 -1685.246671 147.752174) (1680.062362 -1685.246671 147.752174) 
3 86 93 (1704.089151 -1697.888562 135.109880) (1703.851810 -1698.185237 136.226774) (1702.413700 -1697.888562 135.109880) 
3 87 90 (1392.000000 -1587.104478 25.402985) (1392.000000 -1552.484618 40.981922) (1615.994864 -1587.104478 25.402985) 
4 88 93 (1720.761315 -1677.048357 56.652637) (1708.203567 -1692.745541 115.747921) (1693.333890 -1692.745541 115.747921) (1693.552460 -1681.125266 72.001003) 
4 88 91 (1684.260488 -1597.655373 20.655082) (1763.586447 -1597.655373 20.655082) (1765.522858 -1599.269048 19.928928) (1751.188540 -1607.999537 16.000208) 
5 90 92 (1467.327434 -1528.212389 22.371681) (1392.000000 -1512.854369 26.485437) (1392.000000 -1472.750000 54.250000) (1455.111111 -1455.000000 72.000000) (1578.943867 -1451.476091 85.155925) 
3 90 91 (1615.999015 -1558.729407 17.802520) (1750.925373 -1587.104478 25.402985) (1615.994864 -1587.104478 25.402985) 
5 94 96 (1617.655172 -1805.931034 30.896552) (1598.842553 -1829.446809 17.458967) (1483.022492 -1829.446809 17.458967) (1540.804819 -1725.734940 76.722892) (1548.915663 -1725.734940 76.722892) 
4 94 95 (1483.022492 -1829.446809 17.458967) (1392.000000 -1829.446809 17.458967) (1392.000000 -1725.734940 76.722892) (1540.804819 -1725.734940 76.722892) 
4 95 97 (1537.200000 -1726.181818 75.054545) (1537.455290 -1726.150171 75.172696) (1469.613450 -1789.902255 25.133325) (1469.288591 -1787.919463 25.664430) 
5 95 96 (1537.455290 -1726.150171 75.172696) (1540.804819 -1725.734940 76.722892) (1483.022492 -1829.446809 17.458967) (1475.200000 -1824.000000 16.000000) (1469.613450 -1789.902255 25.133325) 
4 96 97 (1469.613450 -1789.902255 25.133325) (1537.455290 -1726.150171 75.172696) (1544.000000 -1725.913043 76.057971) (1544.000000 -1810.626866 19.582090) 
3 98 108 (2100.891834 -2642.283729 19.176771) (2112.000000 -2646.884759 19.176789) (2112.000000 -2653.392215 25.683131) 
4 98 99 (2093.090000 -2594.910000 31.000000) (2100.891834 -2642.283729 19.176771) (2112.000000 -2653.392215 25.683131) (2112.000000 -2576.000656 57.743393) 
4 99 118 (2070.020823 -2617.977288 22.262181) (2063.888881 -2613.097597 22.888881) (2084.705788 -2544.000000 43.705788) (2093.089360 -2594.906113 31.000970) 
5 99 108 (2067.772226 -2636.162310 26.772226) (2100.210024 -2642.001322 19.176770) (2100.891834 -2642.283729 19.176771) (2112.000000 -2653.392215 25.683131) (2112.000000 -2698.716835 71.000000) 
4 99 107 (2087.642113 -2632.000000 20.461242) (2100.210024 -2642.001322 19.176770) (2067.772226 -2636.162310 26.772226) (2067.071429 -2632.000000 26.071429) 
5 99 106 (2084.705788 -2544.000000 43.705788) (2063.888881 -2613.097597 22.888881) (2067.772226 -2636.162310 26.772226) (2112.000000 -2698.716835 71.000000) (2112.000000 -2544.000000 71.000000) 
3 100 105 (2082.084152 -2568.344699 225.000239) (2068.645987 -2566.130125 228.354013) (2106.435129 -2544.000000 190.564871) 
3 100 102 (2106.435129 -2544.000000 190.564871) (2068.645987 -2566.130125 228.354013) (2072.000000 -2544.000000 225.000000) 
4 101 119 (1962.311783 -1952.000000 188.690899) (2093.729203 -1952.000000 203.270797) (2112.000000 -2027.782124 185.000000) (2112.000000 -2101.685640 165.205353) 
7 101 102 (2112.000000 -2101.685640 165.205353) (2112.000000 -2280.075865 185.000000) (2072.000000 -2544.000000 225.000000) (2016.000000 -2544.000000 240.000000) (1960.000000 -2273.638691 225.000000) (1931.850241 -1952.000000 196.850241) (1962.311783 -1952.000000 188.690899) 
4 102 125 (1928.000000 -1952.000000 193.000000) (1928.000000 -1952.000000 184.884233) (1928.000000 -2356.137713 76.638185) (1928.000000 -2472.497886 193.000000) 
4 102 120 (1928.000000 -2356.137713 76.638185) (1928.000000 -2239.002844 108.012111) (2112.000000 -2237.791878 128.750051) (2112.000000 -2432.374733 76.632111) 
5 102 119 (1928.000000 -2239.002844 108.012111) (1928.000000 -1952.000000 184.884233) (1962.311783 -1952.000000 188.690899) (2112.000000 -2101.685640 165.205353) (2112.000000 -2237.791878 128.750051) 
8 102 106 (1960.000000 -2517.757104 225.000000) (1928.000000 -2472.497886 193.000000) (1928.000000 -2356.137713 76.638185) (2112.000000 -2432.374733 76.632111) (2112.000000 -2540.741093 185.000000) (2068.645987 -2566.130125 228.354013) (2021.981522 -2558.439944 240.000101) (1998.467024 -2544.000000 235.303667) 
3 103 104 (2093.090000 -2594.910000 225.000000) (2112.000000 -2598.023633 220.280318) (2112.000000 -2640.566169 225.000950) 
5 103 105 (2112.000000 -2693.015659 230.820883) (2057.652131 -2638.668725 239.347869) (2059.138501 -2628.861499 237.861499) (2093.090000 -2594.910000 225.000000) (2112.000000 -2640.566169 225.000950) 
3 103 106 (2057.652131 -2638.668725 239.347869) (2053.491667 -2634.508333 240.000631) (2059.138501 -2628.861499 237.861499) 
3 104 105 (2112.000000 -2575.999188 198.255138) (2112.000000 -2640.566169 225.000950) (2093.087994 -2594.909670 225.000501) 
6 105 106 (2112.000000 -2754.743360 185.000000) (2071.999567 -2698.177852 225.000433) (2057.652131 -2638.668725 239.347869) (2068.645987 -2566.130125 228.354013) (2106.435129 -2544.000000 190.564871) (2112.000000 -2544.000000 185.000000) 
8 106 125 (1928.000000 -2356.137713 76.638185) (1928.000000 -2407.056016 63.000000) (1928.000000 -2544.000000 63.000000) (1928.000000 -2565.730367 72.000824) (1928.000000 -2601.944280 127.996996) (1928.000000 -2565.728052 184.000502) (1928.000000 -2544.000000 193.000000) (1928.000000 -2472.497886 193.000000) 
6 106 120 (1928.000000 -2407.056016 63.000000) (1928.000000 -2356.137713 76.638185) (2112.000000 -2432.374733 76.632111) (2112.000000 -2453.402276 71.000000) (2063.888881 -2613.097597 22.888881) (1957.208076 -2528.202893 33.791924) 
3 106 109 (1973.208801 -2619.140287 48.914674) (2044.649105 -2632.000000 32.186608) (1970.795059 -2621.555043 52.328620) 
8 106 108 (2044.649105 -2632.000000 32.186608) (2067.772226 -2636.162310 26.772226) (2112.000000 -2698.716835 71.000000) (2112.000000 -2767.575804 139.847194) (1976.539026 -2711.467319 139.846770) (1966.777943 -2695.567612 127.992141) (1956.884464 -2635.471477 72.003470) (1970.795059 -2621.555043 52.328620) 
3 106 107 (2067.071429 -2632.000000 26.071429) (2067.772226 -2636.162310 26.772226) (2044.649105 -2632.000000 32.186608) 
3 107 108 (2092.351888 -2638.746462 19.176758) (2100.210024 -2642.001322 19.176770) (2044.649105 -2632.000000 32.186608) 
3 108 109 (1976.743793 -2632.000000 50.706238) (1970.795059 -2621.555043 52.328620) (2044.649105 -2632.000000 32.186608) 
3 110 128 (1928.000000 -2717.823461 127.985499) (1928.000000 -2723.988647 118.451163) (1928.000000 -2732.583184 150.808652) 
3 110 114 (1928.000000 -2732.583184 150.808652) (1928.000000 -2726.524984 128.000193) (1932.348749 -2728.322275 127.984623) 
3 110 111 (1928.000000 -2726.524984 128.000193) (1928.000000 -2723.988647 118.451163) (1932.348749 -2728.322275 127.984623) 
3 111 128 (1928.000000 -2726.524984 128.000193) (1928.000000 -2723.988647 118.451163) (1928.000000 -2732.597480 105.137775) 
3 111 114 (1932.355835 -2728.329337 128.000157) (1928.000000 -2726.524984 128.000193) (1928.000000 -2732.597510 105.137728) 
5 112 143 (1928.000000 -2875.592981 234.357653) (1928.000000 -2854.526033 240.000243) (1928.000000 -2798.534137 225.000356) (1928.000000 -2766.526996 193.000000) (1928.000000 -2775.752113 193.000000) 
3 112 126 (1928.000000 -2766.526996 193.000000) (1928.000000 -2760.000896 186.475284) (1928.000000 -2775.752113 193.000000) 
4 112 115 (2101.849293 -3038.542987 128.008070) (2026.760415 -2992.437251 183.998306) (1929.750000 -2758.250000 184.000000) (1989.847920 -2768.152700 128.004132) 
5 112 116 (2026.760415 -2992.437251 183.998306) (1956.764210 -2922.443307 225.000521) (1928.000000 -2875.592981 234.357653) (1928.000000 -2760.000896 186.475284) (1929.750000 -2758.250000 184.000000) 
5 112 113 (2064.957800 -2814.259664 71.993403) (2112.000000 -2861.304315 44.438777) (2112.000000 -3040.213057 118.549166) (2101.849293 -3038.542987 128.008070) (1989.847920 -2768.152700 128.004132) 
3 113 127 (1928.000000 -2765.167708 64.358869) (1928.000000 -2771.428500 64.793646) (1928.000000 -2759.996596 69.529015) 
5 113 117 (2112.000000 -2874.671198 31.074389) (2112.000000 -2995.190005 39.443750) (2008.061948 -2973.743708 61.051769) (1928.000000 -2771.428500 64.793646) (1928.000000 -2765.167708 64.358869) 
4 113 115 (2101.854860 -3038.543902 128.002882) (1989.851709 -2768.155026 128.001306) (1955.136646 -2762.433396 95.656280) (2058.466609 -3011.903371 95.649780) 
7 113 116 (1955.136646 -2762.433396 95.656280) (1929.746985 -2758.248751 72.000000) (1928.000000 -2759.996596 69.529015) (1928.000000 -2771.428500 64.793646) (2008.061948 -2973.743708 61.051769) (2026.744451 -2992.425860 71.995675) (2058.466609 -3011.903371 95.649780) 
6 114 128 (1928.000000 -2732.583184 150.808652) (1928.000000 -2726.524984 128.000193) (1928.000000 -2732.597480 105.137775) (1928.000000 -2754.023190 72.003344) (1928.000000 -2757.960818 70.372283) (1928.000000 -2735.302714 155.013897) 
4 114 116 (1928.000000 -2757.960818 70.372283) (1929.750646 -2758.249355 72.003411) (1940.357767 -2747.657766 127.983010) (1928.000000 -2735.302714 155.013897) 
6 115 116 (1940.350000 -2747.650000 128.000000) (1955.136646 -2762.433396 95.656280) (2058.466609 -3011.903371 95.649780) (2052.339291 -3018.035194 128.006821) (2026.721434 -2992.413316 184.027372) (1929.735964 -2758.247687 184.013078) 
5 116 145 (1928.000000 -2942.527762 193.000000) (1928.000000 -2910.528805 225.000410) (1928.000000 -2893.682438 229.512556) (1928.000000 -2852.999636 224.998682) (1928.000000 -2775.752113 193.000000) 
3 116 144 (1928.000000 -2893.682438 229.512556) (1928.000000 -2875.592981 234.357653) (1928.000000 -2852.999636 224.998682) 
9 116 128 (1928.000000 -2951.528334 183.999020) (1928.000000 -2942.527762 193.000000) (1928.000000 -2775.752113 193.000000) (1928.000000 -2754.056306 184.012822) (1928.000000 -2735.302714 155.013897) (1928.000000 -2757.960818 70.372283) (1928.000000 -2771.428500 64.793646) (1928.000000 -2952.973376 77.400929) (1928.000000 -2966.531978 128.003684) 
4 116 117 (2008.061948 -2973.743708 61.051769) (1955.413658 -2962.880401 71.996993) (1928.000000 -2952.973376 77.400929) (1928.000000 -2771.428500 64.793646) 
5 117 139 (1928.000000 -2910.529985 31.000206) (1928.000000 -2928.404034 48.875000) (1928.000000 -2780.654469 48.875000) (1928.000000 -2798.532536 31.000271) (1928.000000 -2854.526589 16.000094) 
4 117 132 (1928.000000 -2798.751543 53.475784) (1928.000000 -2778.890629 50.638511) (1928.000000 -2780.654469 48.875000) (1928.000000 -2809.858538 48.875000) 
5 117 133 (1928.000000 -2928.404034 48.875000) (1928.000000 -2951.525570 71.997499) (1928.000000 -2952.445847 75.432114) (1928.000000 -2798.751543 53.475784) (1928.000000 -2809.858538 48.875000) 
4 117 128 (1928.000000 -2952.445847 75.432114) (1928.000000 -2952.973376 77.400929) (1928.000000 -2771.428500 64.793646) (1928.000000 -2798.751543 53.475784) 
4 117 127 (1928.000000 -2771.428500 64.793646) (1928.000000 -2765.167708 64.358869) (1928.000000 -2778.890629 50.638511) (1928.000000 -2798.751543 53.475784) 
4 118 120 (2062.646860 -2605.720744 21.646860) (2063.888881 -2613.097597 22.888881) (2084.705788 -2544.000000 43.705788) (2072.000000 -2544.000000 31.000000) 
4 119 125 (1928.000000 -1952.000000 184.884233) (1928.000000 -1952.000000 63.000000) (1928.000000 -2051.452381 63.000000) (1928.000000 -2239.002844 108.012111) 
6 119 121 (1936.931093 -2009.986592 54.068907) (1949.420513 -1952.000000 41.579487) (2089.600000 -1952.000000 57.600000) (2102.200000 -1961.000000 61.200000) (2112.000000 -1997.166667 71.000000) (2112.000000 -2086.594894 92.462775) 
5 119 120 (1928.000000 -2239.002844 108.012111) (1928.000000 -2051.452381 63.000000) (1936.931093 -2009.986592 54.068907) (2112.000000 -2086.594894 92.462775) (2112.000000 -2237.791878 128.750051) 
3 120 125 (1928.000000 -2051.452381 63.000000) (1928.000000 -2407.056016 63.000000) (1928.000000 -2239.002844 108.012111) 
7 120 122 (2025.513514 -2544.000000 18.548263) (2011.005993 -2519.886500 17.337680) (1960.000000 -2273.604695 31.000000) (1954.355771 -2209.105719 36.644229) (2112.000000 -2226.596236 76.929812) (2112.000000 -2280.042678 71.000000) (2072.000000 -2544.000000 31.000000) 
4 120 121 (1954.355771 -2209.105719 36.644229) (1936.931093 -2009.986592 54.068907) (2112.000000 -2086.594894 92.462775) (2112.000000 -2226.596236 76.929812) 
4 121 124 (1967.850467 -1986.691589 28.897196) (1969.655172 -1968.000000 28.413793) (2102.666667 -1968.000000 61.666667) (2107.550802 -2041.262032 66.550802) 
6 121 122 (1954.355771 -2209.105719 36.644229) (1960.000000 -2068.000000 31.000000) (1967.850467 -1986.691589 28.897196) (2107.550802 -2041.262032 66.550802) (2112.000000 -2108.000000 71.000000) (2112.000000 -2226.596236 76.929812) 
4 122 124 (1967.850467 -1986.691589 28.897196) (2107.550802 -2041.262032 66.550802) (2102.666667 -2089.777778 61.666667) (1969.655172 -2001.103448 28.413793) 
4 122 123 (2101.769231 -2098.692308 60.769231) (2072.000000 -2394.400000 31.000000) (2016.000000 -2371.200000 16.000000) (1985.700483 -2129.236715 24.115942) 
3 126 143 (1928.000000 -2775.752113 193.000000) (1928.000000 -2766.526996 193.000000) (1925.297659 -2762.704676 190.297659) 
3 126 128 (1928.000000 -2760.000896 186.475284) (1928.000000 -2775.752113 193.000000) (1925.297636 -2762.704643 190.297636) 
3 127 132 (1928.000000 -2778.890629 50.638511) (1928.000000 -2798.751543 53.475784) (1916.238053 -2771.764331 52.892589) 
3 127 128 (1916.238053 -2771.764331 52.892589) (1928.000000 -2798.751543 53.475784) (1928.000000 -2759.996596 69.529015) 
6 128 145 (1918.999085 -2947.799940 183.999085) (1928.000000 -2942.527762 193.000000) (1928.000000 -2775.752113 193.000000) (1919.011647 -2732.354560 184.011647) (1897.042553 -2665.106187 162.042553) (1897.042553 -2944.588197 162.042553) 
4 128 133 (1928.000000 -2952.445847 75.432114) (1877.114874 -2934.473871 87.020701) (1867.406455 -2659.722625 50.471361) (1928.000000 -2798.751543 53.475784) 
6 128 130 (1888.000711 -2949.963667 128.002675) (1897.042553 -2944.588197 162.042553) (1897.042553 -2665.106187 162.042553) (1887.998288 -2621.250739 127.993555) (1884.744681 -2621.316743 115.744681) (1884.744681 -2945.330561 115.744681) 
5 128 129 (1884.744681 -2621.316743 115.744681) (1873.125328 -2621.552458 72.001235) (1867.406455 -2659.722625 50.471361) (1877.114874 -2934.473871 87.020701) (1884.744681 -2945.330561 115.744681) 
4 129 133 (1877.114874 -2934.473871 87.020701) (1859.933573 -2928.405655 90.933573) (1816.970588 -2544.000000 47.970588) (1867.406455 -2659.722625 50.471361) 
5 129 130 (1841.000000 -2759.000000 72.000000) (1859.933573 -2928.405655 90.933573) (1884.744681 -2945.330561 115.744681) (1884.744681 -2621.316743 115.744681) (1841.000000 -2544.000000 72.000000) 
3 129 131 (1816.970588 -2544.000000 47.970588) (1841.000000 -2759.000000 72.000000) (1841.000000 -2544.000000 72.000000) 
6 130 149 (1853.439024 -2544.000000 118.439024) (1853.439024 -2933.085424 118.439024) (1863.002044 -2939.608841 128.002044) (1870.111111 -2940.648737 135.111111) (1870.111111 -2582.667843 135.111111) (1862.998590 -2560.896100 127.998590) 
4 130 145 (1870.111111 -2940.648737 135.111111) (1897.042553 -2944.588197 162.042553) (1897.042553 -2665.106187 162.042553) (1870.111111 -2582.667843 135.111111) 
3 130 134 (1859.933573 -2928.405655 90.933573) (1846.868487 -2923.791234 93.909018) (1841.000000 -2759.000000 72.000000) 
5 130 131 (1853.439024 -2933.085424 118.439024) (1853.439024 -2544.000000 118.439024) (1841.000000 -2544.000000 72.000000) (1841.000000 -2759.000000 72.000000) (1846.868487 -2923.791234 93.909018) 
4 131 153 (1765.600000 -1952.000000 30.600000) (1753.560976 -1952.000000 18.560976) (1753.560976 -2214.650834 18.560976) (1765.600000 -2322.368421 30.600000) 
4 131 152 (1784.480000 -1952.000000 49.480000) (1765.600000 -1952.000000 30.600000) (1765.600000 -2322.368421 30.600000) (1768.593798 -2349.155039 33.593798) 
5 131 150 (1771.346234 -2280.344154 36.346234) (1768.593798 -2349.155039 33.593798) (1832.240417 -2918.624786 97.240417) (1853.439024 -2933.085424 118.439024) (1853.439024 -2531.633843 118.439024) 
4 131 148 (1853.439024 -1952.000000 118.439024) (1784.480000 -1952.000000 49.480000) (1771.346234 -2280.344154 36.346234) (1853.439024 -2531.633843 118.439024) 
4 131 137 (1765.600000 -2322.368421 30.600000) (1758.920000 -2262.600000 23.920000) (1765.642512 -2260.830918 21.797101) (1782.620690 -2325.727768 26.344828) 
4 131 136 (1768.593798 -2349.155039 33.593798) (1765.600000 -2322.368421 30.600000) (1782.620690 -2325.727768 26.344828) (1789.551269 -2352.218996 28.201233) 
5 131 135 (1778.637252 -2439.017520 43.637252) (1768.593798 -2349.155039 33.593798) (1789.551269 -2352.218996 28.201233) (1800.000000 -2392.157895 31.000000) (1806.573997 -2450.977870 37.573997) 
5 131 134 (1846.868487 -2923.791234 93.909018) (1832.240417 -2918.624786 97.240417) (1778.637252 -2439.017520 43.637252) (1806.573997 -2450.977870 37.573997) (1841.000000 -2759.000000 72.000000) 
3 132 139 (1928.000000 -2780.654469 48.875000) (1928.000000 -2809.858538 48.875000) (1910.021271 -2777.984172 44.099400) 
4 132 133 (1910.021271 -2777.984172 44.099400) (1928.000000 -2809.858538 48.875000) (1928.000000 -2798.751543 53.475784) (1916.238053 -2771.764331 52.892589) 
4 133 142 (1814.174865 -2737.211971 18.640198) (1804.234522 -2689.416087 15.999795) (1860.705262 -2690.552153 30.999835) (1868.933843 -2705.140550 33.185552) 
4 133 141 (1819.869717 -2764.594380 20.152894) (1814.174865 -2737.211971 18.640198) (1868.933843 -2705.140550 33.185552) (1910.021271 -2777.984172 44.099400) 
3 133 140 (1825.373241 -2791.056829 21.614767) (1819.869717 -2764.594380 20.152894) (1860.704384 -2770.659363 30.999602) 
7 133 139 (1928.000000 -2809.858538 48.875000) (1928.000000 -2928.404034 48.875000) (1860.706168 -2882.655276 31.000076) (1837.694951 -2850.302978 24.887721) (1825.373241 -2791.056829 21.614767) (1860.704384 -2770.659363 30.999602) (1910.021271 -2777.984172 44.099400) 
3 133 138 (1799.999476 -2814.383952 30.999476) (1800.000000 -2544.000000 31.000000) (1784.999860 -2642.980436 15.999860) 
6 133 134 (1799.999476 -2814.383952 30.999476) (1812.630640 -2875.371377 43.630640) (1840.999106 -2915.489501 71.999106) (1859.933573 -2928.405655 90.933573) (1816.970588 -2544.000000 47.970588) (1800.000000 -2544.000000 31.000000) 
4 134 151 (1753.560976 -2590.164136 18.560976) (1757.261823 -2632.454432 22.261823) (1761.888889 -2516.777778 26.888889) (1753.560976 -2555.443089 18.560976) 
7 134 150 (1757.261823 -2632.454432 22.261823) (1765.999635 -2732.303109 30.999635) (1798.547184 -2889.453417 63.547184) (1806.999734 -2901.406845 71.999734) (1832.240417 -2918.624786 97.240417) (1778.637252 -2439.017520 43.637252) (1761.888889 -2516.777778 26.888889) 
5 134 138 (1800.000000 -2544.000000 31.000000) (1800.000000 -2814.389937 31.000000) (1753.560976 -2590.164136 18.560976) (1753.560976 -2555.443089 18.560976) (1760.747664 -2544.000000 20.485981) 
5 134 135 (1761.888889 -2516.777778 26.888889) (1778.637252 -2439.017520 43.637252) (1806.573997 -2450.977870 37.573997) (1800.000000 -2481.500000 31.000000) (1772.903226 -2524.645161 23.741935) 
3 135 150 (1778.637252 -2439.017520 43.637252) (1768.593798 -2349.155039 33.593798) (1761.888889 -2516.777778 26.888889) 
4 135 136 (1768.593798 -2349.155039 33.593798) (1789.551269 -2352.218996 28.201233) (1782.620690 -2424.000000 26.344828) (1765.600000 -2424.000000 30.600000) 
3 136 152 (1768.593798 -2349.155039 33.593798) (1765.600000 -2322.368421 30.600000) (1765.600000 -2424.000000 30.600000) 
4 136 137 (1765.600000 -2385.066667 30.600000) (1765.600000 -2322.368421 30.600000) (1782.620690 -2325.727768 26.344828) (1782.620690 -2396.413793 26.344828) 
3 137 154 (1765.600000 -2322.368421 30.600000) (1758.920000 -2262.600000 23.920000) (1765.600000 -2385.066667 30.600000) 
3 138 151 (1751.400370 -2565.474474 16.400370) (1753.560976 -2590.164136 18.560976) (1753.560976 -2555.443089 18.560976) 
3 139 141 (1860.704384 -2770.659363 30.999602) (1910.021271 -2777.984172 44.099400) (1900.760000 -2787.250000 31.000000) 
4 139 140 (1861.156406 -2826.838511 16.000000) (1825.373241 -2791.056829 21.614767) (1860.704384 -2770.659363 30.999602) (1900.760903 -2787.250374 31.000000) 
4 140 141 (1840.663253 -2777.361060 15.999671) (1819.869717 -2764.594380 20.152894) (1860.704384 -2770.659363 30.999602) (1900.760903 -2787.250374 31.000000) 
4 141 142 (1814.174865 -2737.211971 18.640198) (1868.933843 -2705.140550 33.185552) (1870.409385 -2713.979450 30.999809) (1831.044061 -2754.138743 15.999704) 
4 143 145 (1925.297636 -2762.704643 190.297636) (1928.000000 -2775.752113 193.000000) (1928.000000 -2852.999636 224.998682) (1900.763423 -2787.251418 225.000000) 
4 143 144 (1928.000000 -2852.999636 224.998682) (1928.000000 -2875.592981 234.357653) (1910.654638 -2847.341349 240.000180) (1900.763423 -2787.251418 225.000000) 
4 144 145 (1861.159692 -2826.840308 239.999883) (1900.762739 -2787.247262 224.998963) (1928.000000 -2852.999636 224.998682) (1928.000000 -2893.682438 229.512556) 
4 145 149 (1870.111111 -2582.667843 135.111111) (1870.111111 -2940.648737 135.111111) (1864.033473 -2932.000535 157.991632) (1864.033473 -2582.791150 157.991632) 
4 145 150 (1864.033473 -2932.000535 157.991632) (1862.957447 -2930.469399 162.042553) (1862.957447 -2582.812981 162.042553) (1864.033473 -2582.791150 157.991632) 
6 145 147 (1862.957447 -2930.469399 162.042553) (1857.125124 -2922.170271 183.999533) (1849.775909 -2891.459725 211.667167) (1849.775909 -2631.976665 211.667167) (1857.124369 -2582.931326 184.002376) (1862.957447 -2582.812981 162.042553) 
6 145 146 (1849.775909 -2891.459725 211.667167) (1846.234350 -2876.660430 225.000095) (1843.978868 -2844.023647 233.491322) (1842.250026 -2781.189659 239.999902) (1846.234501 -2655.612845 224.999524) (1849.775909 -2631.976665 211.667167) 
3 146 150 (1800.003888 -2814.401837 224.998959) (1744.000000 -2544.000000 240.000000) (1800.000000 -2544.000000 225.000000) 
5 146 147 (1849.775909 -2631.976665 211.667167) (1849.775909 -2891.459725 211.667167) (1818.126645 -2869.872979 220.144649) (1800.003888 -2814.401837 224.998959) (1800.000000 -2544.000000 225.000000) 
7 147 150 (1862.957447 -2930.469399 162.042553) (1841.000350 -2915.491005 183.999650) (1812.629399 -2875.369623 212.370601) (1800.000000 -2814.389937 225.000000) (1800.000000 -2544.000000 225.000000) (1841.000000 -2544.000000 184.000000) (1862.957447 -2582.812981 162.042553) 
4 148 152 (1643.598086 -1952.000000 84.700478) (1784.480000 -1952.000000 49.480000) (1771.346234 -2280.344154 36.346234) (1644.332824 -2003.186722 81.957458) 
10 148 150 (1841.000000 -2544.000000 184.000000) (1800.000000 -2471.526537 225.000000) (1744.000000 -2346.023711 240.000000) (1688.000000 -2201.119898 225.000000) (1647.000000 -2075.617072 184.000000) (1632.000000 -2003.186722 128.000000) (1644.332824 -2003.186722 81.957458) (1771.346234 -2280.344154 36.346234) (1853.439024 -2531.633843 118.439024) (1856.000000 -2544.000000 128.000000) 
6 149 150 (1853.439024 -2933.085424 118.439024) (1856.000500 -2936.708696 128.001868) (1864.033473 -2932.000535 157.991632) (1864.033473 -2582.791150 157.991632) (1856.000000 -2544.000000 128.000000) (1853.439024 -2544.000000 118.439024) 
5 150 152 (1771.346234 -2280.344154 36.346234) (1765.600000 -2424.000000 30.600000) (1662.666667 -2424.000000 56.333333) (1647.000000 -2189.000000 72.000000) (1644.332824 -2003.186722 81.957458) 
5 150 151 (1761.888889 -2516.777778 26.888889) (1757.261823 -2632.454432 22.261823) (1723.068504 -2628.660760 30.999836) (1670.666667 -2544.000000 48.333333) (1664.200000 -2447.000000 54.800000) 
4 152 154 (1765.600000 -2322.368421 30.600000) (1765.600000 -2385.066667 30.600000) (1662.666667 -2316.444444 56.333333) (1662.666667 -2302.052632 56.333333) 
4 152 153 (1662.666667 -1952.000000 56.333333) (1765.600000 -1952.000000 30.600000) (1765.600000 -2322.368421 30.600000) (1662.666667 -2302.052632 56.333333) 
4 153 154 (1758.920000 -2262.600000 23.920000) (1765.600000 -2322.368421 30.600000) (1662.666667 -2302.052632 56.333333) (1665.615385 -2287.153846 53.384615) 
