hlcsg v3.4 VL30 (Nov 23 2012)
Zoner's Half-Life Compilation Tools -- Custom Build
Based on code modifications by Sean 'Zoner' Cavanaugh
Based on Valve's version, modified with permission.
Submit detailed bug reports to (vluzacn@163.com)
-----  BEGIN  hlcsg -----
Command line: C:/MyStuff/Work/HLDMCOMPTOOLS/hlcsg.exe C:\MyStuff\Games\Steam\steamapps\common\Half-Life\justfight\maps\waterworks_penta 
Arguments: C:\MyStuff\Games\Steam\steamapps\common\Half-Life\justfight\maps\waterworks_penta -low -wadautodetect 
Entering C:\MyStuff\Games\Steam\steamapps\common\Half-Life\justfight\maps\waterworks_penta.map

Current hlcsg Settings
Name                 |  Setting  |  Default
---------------------|-----------|-------------------------
threads               [      12 ] [  Varies ]
verbose               [     off ] [     off ]
log                   [      on ] [      on ]
reset logfile         [      on ] [      on ]
developer             [       0 ] [       0 ]
chart                 [     off ] [     off ]
estimate              [     off ] [     off ]
max texture memory    [ 33554432 ] [ 33554432 ]
max lighting memory   [ 33554432 ] [ 33554432 ]
priority              [     Low ] [  Normal ]

noclip                [     off ] [     off ]
null texture stripping[      on ] [      on ]
clipnode economy mode [     off ] [     off ]
clip hull type        [  simple ] [  simple ]
onlyents              [     off ] [     off ]
wadtextures           [      on ] [      on ]
skyclip               [      on ] [      on ]
hullfile              [    None ] [    None ]
wadcfg by file        [    None ] [    None ]
wadcfg by name        [    None ] [    None ]
nullfile              [    None ] [    None ]
nullify trigger       [      on ] [      on ]
min surface area      [   0.000 ] [   0.000 ]
brush union threshold [   0.000 ] [   0.000 ]
map scaling           [    None ] [    None ]
light name optimize   [      on ] [      on ]
UTF8 game_text        [      on ] [      on ]

Using mapfile wad configuration
Wadfiles not in use by the map will be excluded
Wadinclude list :
[zhlt.wad]

CreateBrush:
 (0.37 seconds)
CSGBrush:
 (0.76 seconds)

Using Wadfile: /MyStuff/Games/Steam/steamapps/common/Half-Life/valve/halflife.wad
 - Contains 126 used textures, 98.44 percent of map (3116 textures in wad)
Using Wadfile: /MyStuff/Games/Steam/steamapps/common/Half-Life/valve/liquids.wad
 - Contains 1 used texture, 0.78 percent of map (32 textures in wad)
Including Wadfile: /MyStuff/Games/Steam/steamapps/common/Half-Life/justfight/zhlt.wad
 - Contains 1 used texture, 0.78 percent of map (8 textures in wad)

Wad files required to run the map: "halflife.wad;liquids.wad;"

added 16 additional animating textures.
Texture usage is at 1.37 mb (of 32.00 mb MAX)
31 redundant named lights optimized.
1.53 seconds elapsed

-----   END   hlcsg -----



hlbsp v3.4 VL30 (Nov 23 2012)
Zoner's Half-Life Compilation Tools -- Custom Build
Based on code modifications by Sean 'Zoner' Cavanaugh
Based on Valve's version, modified with permission.
Submit detailed bug reports to (vluzacn@163.com)
-----  BEGIN  hlbsp -----
Command line: C:/MyStuff/Work/HLDMCOMPTOOLS/hlbsp.exe C:\MyStuff\Games\Steam\steamapps\common\Half-Life\justfight\maps\waterworks_penta 
Arguments: C:\MyStuff\Games\Steam\steamapps\common\Half-Life\justfight\maps\waterworks_penta -low -chart 

Current hlbsp Settings
Name               |  Setting  |  Default
-------------------|-----------|-------------------------
threads             [      12 ] [  Varies ]
verbose             [     off ] [     off ]
log                 [      on ] [      on ]
developer           [       0 ] [       0 ]
chart               [      on ] [     off ]
estimate            [     off ] [     off ]
max texture memory  [ 33554432 ] [ 33554432 ]
priority            [     Low ] [  Normal ]

noclip              [     off ] [     off ]
nofill              [     off ] [     off ]
noinsidefill        [     off ] [     off ]
noopt               [     off ] [     off ]
no clipnode merging [     off ] [     off ]
null tex. stripping [      on ] [      on ]
notjunc             [     off ] [     off ]
nobrink             [     off ] [     off ]
subdivide size      [     240 ] [     240 ] (Min 64) (Max 512)
max node size       [    1024 ] [    1024 ] (Min 64) (Max 65536)
remove hull 2       [     off ] [     off ]


SolidBSP [hull 0] 500...1000...1500...2000...2500...3000...3500...4000...4500...5000...5500...6000...6207 (0.47 seconds)
BSP generation successful, writing portal file 'C:\MyStuff\Games\Steam\steamapps\common\Half-Life\justfight\maps\waterworks_penta.prt'
SolidBSP [hull 1] 500...1000...1500...2000...2500...Warning: Ambiguous leafnode content ( EMPTY and SOLID ) at (-1584,2178,228)-(-1488,2251,236) in hull 1 of model 0 (entity: classname "worldspawn", origin "", targetname "")
Warning: Ambiguous leafnode content ( EMPTY and SOLID ) at (-1576,2156,228)-(-1360,2306,236) in hull 1 of model 0 (entity: classname "worldspawn", origin "", targetname "")
3000...Warning: Ambiguous leafnode content ( EMPTY and SOLID ) at (-1360,1886,228)-(-1136,2036,236) in hull 1 of model 0 (entity: classname "worldspawn", origin "", targetname "")
Warning: Ambiguous leafnode content ( EMPTY and SOLID ) at (-3440,3251,128)-(-3181,3372,180) in hull 1 of model 0 (entity: classname "worldspawn", origin "", targetname "")
3500...Warning: Ambiguous leafnode content ( EMPTY and SOLID ) at (-3440,3200,108)-(-3045,3364,111) in hull 1 of model 0 (entity: classname "worldspawn", origin "", targetname "")
Warning: Ambiguous leafnode content ( EMPTY and SOLID ) at (-3083,3055,-20)-(-3064,3113,-16) in hull 1 of model 0 (entity: classname "worldspawn", origin "", targetname "")
4000...4417 (0.38 seconds)
SolidBSP [hull 2] 500...1000...1500...2000...2500...Warning: Ambiguous leafnode content ( EMPTY and SOLID ) at (-3424,3003,57)-(-3178,3108,152) in hull 2 of model 0 (entity: classname "worldspawn", origin "", targetname "")
3000...Warning: Ambiguous leafnode content ( EMPTY and SOLID ) at (-3341,3269,128)-(-3175,3352,195) in hull 2 of model 0 (entity: classname "worldspawn", origin "", targetname "")
Warning: Ambiguous leafnode content ( EMPTY and SOLID ) at (-3424,3216,104)-(-3029,3380,118) in hull 2 of model 0 (entity: classname "worldspawn", origin "", targetname "")
Warning: Ambiguous leafnode content ( EMPTY and SOLID ) at (-2743,2280,128)-(-2704,2306,167) in hull 2 of model 0 (entity: classname "worldspawn", origin "", targetname "")
3500...Warning: Ambiguous leafnode content ( EMPTY and SOLID ) at (-2800,1889,104)-(-2391,2062,128) in hull 2 of model 0 (entity: classname "worldspawn", origin "", targetname "")
3893 (0.39 seconds)
SolidBSP [hull 3] 500...1000...1500...2000...2500...3000...Warning: Ambiguous leafnode content ( EMPTY and SOLID ) at (-1584,2156,210)-(-1360,2306,218) in hull 3 of model 0 (entity: classname "worldspawn", origin "", targetname "")
Warning: Ambiguous leafnode content ( EMPTY and SOLID ) at (-1360,1886,210)-(-1136,2036,218) in hull 3 of model 0 (entity: classname "worldspawn", origin "", targetname "")
3500...Warning: Ambiguous leafnode content ( EMPTY and SOLID ) at (-3440,3200,90)-(-3045,3364,93) in hull 3 of model 0 (entity: classname "worldspawn", origin "", targetname "")
Warning: Ambiguous leafnode content ( EMPTY and SOLID ) at (-3083,3055,-2)-(-3064,3113,2) in hull 3 of model 0 (entity: classname "worldspawn", origin "", targetname "")
4000...4500...4719 (0.42 seconds)
Warning: No visible brushes in solid entity: model 36 (entity: classname "func_wall", origin "", targetname "funnel", range (-48,2016,1184) - (96,2176,1376))
Warning: Ambiguous leafnode content ( EMPTY and SOLID ) at (118,2016,924)-(124,2039,946) in hull 1 of model 37 (entity: classname "func_breakable", origin "", targetname "sofa")
Warning: Ambiguous leafnode content ( EMPTY and SOLID ) at (-56,1938,924)-(-47,1973,946) in hull 1 of model 37 (entity: classname "func_breakable", origin "", targetname "sofa")
Warning: Ambiguous leafnode content ( EMPTY and SOLID ) at (134,2032,928)-(140,2055,950) in hull 2 of model 37 (entity: classname "func_breakable", origin "", targetname "sofa")
Warning: Ambiguous leafnode content ( EMPTY and SOLID ) at (-72,1922,928)-(-63,1957,950) in hull 2 of model 37 (entity: classname "func_breakable", origin "", targetname "sofa")
Warning: Ambiguous leafnode content ( EMPTY and SOLID ) at (118,2016,942)-(124,2039,964) in hull 3 of model 37 (entity: classname "func_breakable", origin "", targetname "sofa")
Warning: Ambiguous leafnode content ( EMPTY and SOLID ) at (-56,1938,942)-(-47,1973,964) in hull 3 of model 37 (entity: classname "func_breakable", origin "", targetname "sofa")
Warning: Ambiguous leafnode content ( EMPTY and SOLID ) at (419,1723,960)-(456,1732,965) in hull 0 of model 74 (entity: classname "func_breakable", origin "", targetname "chair")
Warning: Ambiguous leafnode content ( EMPTY and SOLID ) at (394,1739,924)-(478,1769,941) in hull 1 of model 74 (entity: classname "func_breakable", origin "", targetname "chair")
Warning: Ambiguous leafnode content ( EMPTY and SOLID ) at (394,1739,924)-(478,1769,941) in hull 1 of model 74 (entity: classname "func_breakable", origin "", targetname "chair")
Warning: Ambiguous leafnode content ( EMPTY and SOLID ) at (378,1755,928)-(494,1785,945) in hull 2 of model 74 (entity: classname "func_breakable", origin "", targetname "chair")
Warning: Ambiguous leafnode content ( EMPTY and SOLID ) at (378,1755,928)-(494,1785,945) in hull 2 of model 74 (entity: classname "func_breakable", origin "", targetname "chair")
Warning: Ambiguous leafnode content ( EMPTY and SOLID ) at (394,1739,942)-(478,1767,959) in hull 3 of model 74 (entity: classname "func_breakable", origin "", targetname "chair")
Warning: Ambiguous leafnode content ( EMPTY and SOLID ) at (394,1739,942)-(478,1767,959) in hull 3 of model 74 (entity: classname "func_breakable", origin "", targetname "chair")
Warning: No visible brushes in solid entity: model 120 (entity: classname "func_wall_toggle", origin "", targetname "toggle_collision", range (-48,2000,1392) - (176,2192,1536))
Reduced 16087 clipnodes to 14122
Reduced 5177 texinfos to 3242
Reduced 143 texdatas to 140 (6296 bytes to 6164)
Reduced 24538 planes to 6066
FixBrinks:
Increased 14122 clipnodes to 14720.

Object names  Objects/Maxobjs  Memory / Maxmem  Fullness
------------  ---------------  ---------------  --------
models            137/512         8768/32768    (26.8%)
planes           6066/32768     121320/655360   (18.5%)
vertexes        18344/65535     220128/786420   (28.0%)
nodes            7102/32767     170448/786408   (21.7%)
texinfos         3242/32767     129680/1310680  ( 9.9%)
faces           14312/65535     286240/1310700  (21.8%)
* worldfaces     9422/32768          0/0        (28.8%)
clipnodes       14720/32767     117760/262136   (44.9%)
leaves           3982/32760     111496/917280   (12.2%)
* visleafs       2178/8192           0/0        (26.6%)
marksurfaces    17171/65535      34342/131070   (26.2%)
surfedges       65876/512000    263504/2048000  (12.9%)
edges           33007/256000    132028/1024000  (12.9%)
texdata          [variable]       6164/33554432  ( 0.0%)
lightdata        [variable]          0/33554432  ( 0.0%)
visdata          [variable]          0/8388608  ( 0.0%)
entdata          [variable]     102007/2097152  ( 4.9%)
* AllocBlock       23/64             0/0        (35.9%)
140 textures referenced
=== Total BSP file data space used: 1703885 bytes ===
Wad files required to run the map: "halflife.wad;liquids.wad;"
3.40 seconds elapsed

-----   END   hlbsp -----



hlvis v3.4 VL30 (Nov 23 2012)
Zoner's Half-Life Compilation Tools -- Custom Build
Based on code modifications by Sean 'Zoner' Cavanaugh
Based on Valve's version, modified with permission.
Submit detailed bug reports to (vluzacn@163.com)
-----  BEGIN  hlvis -----
Command line: C:/MyStuff/Work/HLDMCOMPTOOLS/hlvis.exe C:\MyStuff\Games\Steam\steamapps\common\Half-Life\justfight\maps\waterworks_penta 
Arguments: C:\MyStuff\Games\Steam\steamapps\common\Half-Life\justfight\maps\waterworks_penta -low 
2178 portalleafs
6261 numportals

-= Current hlvis Settings =-
Name               |  Setting  |  Default
-------------------|-----------|-------------------------
threads             [      12 ] [  Varies ]
verbose             [     off ] [     off ]
log                 [      on ] [      on ]
developer           [       0 ] [       0 ]
chart               [     off ] [     off ]
estimate            [     off ] [     off ]
max texture memory  [ 33554432 ] [ 33554432 ]
max vis distance    [       0 ] [       0 ]
priority            [     Low ] [  Normal ]

fast vis            [     off ] [     off ]
full vis            [     off ] [     off ]


BasePortalVis:
 (0.48 seconds)
LeafThread:
 (29.52 seconds)
average leafs visible: 252
g_visdatasize:124802  compressed from 594594
30.06 seconds elapsed

-----   END   hlvis -----



hlrad v3.4 VL30 (Nov 23 2012)
Zoner's Half-Life Compilation Tools -- Custom Build
Based on code modifications by Sean 'Zoner' Cavanaugh
Based on Valve's version, modified with permission.
Submit detailed bug reports to (vluzacn@163.com)
-----  BEGIN  hlrad -----
Command line: C:/MyStuff/Work/HLDMCOMPTOOLS/hlrad.exe -extra C:\MyStuff\Games\Steam\steamapps\common\Half-Life\justfight\maps\waterworks_penta 
Arguments: -extra C:\MyStuff\Games\Steam\steamapps\common\Half-Life\justfight\maps\waterworks_penta -low 

-= Current hlrad Settings =-
Name                | Setting             | Default
--------------------|---------------------|-------------------------
threads              [                12 ] [            Varies ]
verbose              [               off ] [               off ]
log                  [                on ] [                on ]
developer            [                 0 ] [                 0 ]
chart                [               off ] [               off ]
estimate             [               off ] [               off ]
max texture memory   [          33554432 ] [          33554432 ]
max lighting memory  [          33554432 ] [          33554432 ]
priority             [               Low ] [            Normal ]

fast rad             [               off ] [               off ]
vismatrix algorithm  [            Sparse ] [            Sparse ]
oversampling (-extra)[                on ] [               off ]
bounces              [                 8 ] [                 8 ]
ambient light        [ 0.000 0.000 0.000 ] [ 0.000 0.000 0.000 ]
circus mode          [               off ] [               off ]

smoothing threshold  [            50.000 ] [            50.000 ]
smoothing threshold 2[         no change ] [         no change ]
direct threshold     [            10.000 ] [            10.000 ]
direct light scale   [             1.000 ] [             1.000 ]
coring threshold     [             0.001 ] [             0.001 ]
patch interpolation  [                on ] [                on ]

texscale             [                on ] [                on ]
patch subdividing    [                on ] [                on ]
chop value           [            64.000 ] [            64.000 ]
texchop value        [            32.000 ] [            32.000 ]

global fade          [             1.000 ] [             1.000 ]
global light scale   [ 2.000 2.000 2.000 ] [ 2.000 2.000 2.000 ]
global gamma         [ 0.550 0.550 0.550 ] [ 0.550 0.550 0.550 ]
global light scale   [             2.000 ] [             2.000 ]
global sky diffusion [             1.000 ] [             1.000 ]

spread angles        [                on ] [                on ]
opaque entities      [                on ] [                on ]
sky lighting fix     [                on ] [                on ]
incremental          [               off ] [               off ]
dump                 [               off ] [               off ]

colour jitter        [       0.0 0.0 0.0 ] [       0.0 0.0 0.0 ]
monochromatic jitter [       0.0 0.0 0.0 ] [       0.0 0.0 0.0 ]

custom shadows with bounce light
                     [               off ] [               off ]
rgb transfers        [               off ] [               off ]
minimum final light  [                 0 ] [                 0 ]
size of transfer     [         1 (16bit) ] [         1 (16bit) ]
size of rgbtransfer  [         2 (32bit) ] [         2 (32bit) ]
soft sky             [                on ] [                on ]
translucent depth    [             2.000 ] [             2.000 ]
block opaque         [                on ] [                on ]
ignore textures      [               off ] [               off ]
reflectivity gamma   [             1.760 ] [             1.760 ]
reflectivity scale   [             0.700 ] [             0.700 ]
blur size            [             1.000 ] [             1.000 ]
no emitter range     [               off ] [               off ]


Load Textures:
Using Wadfile: C:\MyStuff\Games\Steam\steamapps\common\Half-Life\justfight\maps\waterworks_penta.wa_
140 textures referenced
Reading texlights from 'C:\MyStuff\Work\HLDMCOMPTOOLS\lights.rad'
0 opaque models
0 opaque faces
14312 faces
Create Patches : 28522 base patches
340221 square feet [48991828.00 square inches]
251 direct lights and 0 fast direct lights
9 light styles

BuildFacelights:
 (5.98 seconds)
BuildVisLeafs:
 (5.82 seconds)
visibility matrix   :  13.7 megs
MakeScales:
 (3.92 seconds)
Transfer Lists :    29537732 :   29.54M transfers
       Indices :    27043364 :   25.79M bytes
          Data :    59156770 :   56.42M bytes
Bounce 1 GatherLight:
 (0.11 seconds)
Bounce 2 GatherLight:
 (0.15 seconds)
Bounce 3 GatherLight:
 (0.16 seconds)
Bounce 4 GatherLight:
 (0.15 seconds)
Bounce 5 GatherLight:
 (0.15 seconds)
Bounce 6 GatherLight:
 (0.15 seconds)
Bounce 7 GatherLight:
 (0.15 seconds)
Bounce 8 GatherLight:
 (0.15 seconds)
FinalLightFace:
 (0.27 seconds)
17.76 seconds elapsed

-----   END   hlrad -----



